Archive member included to satisfy reference by file (symbol)

C:/ST/STM32CubeIDE_1.13.1/STM32CubeIDE/plugins/com.st.stm32cube.ide.mcu.externaltools.gnu-tools-for-stm32.12.3.rel1.win32_1.0.200.202406191623/tools/bin/../lib/gcc/arm-none-eabi/12.3.1/../../../../arm-none-eabi/lib/thumb/v7-m/nofp\libc_nano.a(libc_a-exit.o)
                              C:/ST/STM32CubeIDE_1.13.1/STM32CubeIDE/plugins/com.st.stm32cube.ide.mcu.externaltools.gnu-tools-for-stm32.12.3.rel1.win32_1.0.200.202406191623/tools/bin/../lib/gcc/arm-none-eabi/12.3.1/../../../../arm-none-eabi/lib/thumb/v7-m/nofp/crt0.o (exit)
C:/ST/STM32CubeIDE_1.13.1/STM32CubeIDE/plugins/com.st.stm32cube.ide.mcu.externaltools.gnu-tools-for-stm32.12.3.rel1.win32_1.0.200.202406191623/tools/bin/../lib/gcc/arm-none-eabi/12.3.1/../../../../arm-none-eabi/lib/thumb/v7-m/nofp\libc_nano.a(libc_a-findfp.o)
                              C:/ST/STM32CubeIDE_1.13.1/STM32CubeIDE/plugins/com.st.stm32cube.ide.mcu.externaltools.gnu-tools-for-stm32.12.3.rel1.win32_1.0.200.202406191623/tools/bin/../lib/gcc/arm-none-eabi/12.3.1/../../../../arm-none-eabi/lib/thumb/v7-m/nofp\libc_nano.a(libc_a-exit.o) (__stdio_exit_handler)
C:/ST/STM32CubeIDE_1.13.1/STM32CubeIDE/plugins/com.st.stm32cube.ide.mcu.externaltools.gnu-tools-for-stm32.12.3.rel1.win32_1.0.200.202406191623/tools/bin/../lib/gcc/arm-none-eabi/12.3.1/../../../../arm-none-eabi/lib/thumb/v7-m/nofp\libc_nano.a(libc_a-fwalk.o)
                              C:/ST/STM32CubeIDE_1.13.1/STM32CubeIDE/plugins/com.st.stm32cube.ide.mcu.externaltools.gnu-tools-for-stm32.12.3.rel1.win32_1.0.200.202406191623/tools/bin/../lib/gcc/arm-none-eabi/12.3.1/../../../../arm-none-eabi/lib/thumb/v7-m/nofp\libc_nano.a(libc_a-findfp.o) (_fwalk_sglue)
C:/ST/STM32CubeIDE_1.13.1/STM32CubeIDE/plugins/com.st.stm32cube.ide.mcu.externaltools.gnu-tools-for-stm32.12.3.rel1.win32_1.0.200.202406191623/tools/bin/../lib/gcc/arm-none-eabi/12.3.1/../../../../arm-none-eabi/lib/thumb/v7-m/nofp\libc_nano.a(libc_a-sprintf.o)
                              ./Core/Src/main.o (sprintf)
C:/ST/STM32CubeIDE_1.13.1/STM32CubeIDE/plugins/com.st.stm32cube.ide.mcu.externaltools.gnu-tools-for-stm32.12.3.rel1.win32_1.0.200.202406191623/tools/bin/../lib/gcc/arm-none-eabi/12.3.1/../../../../arm-none-eabi/lib/thumb/v7-m/nofp\libc_nano.a(libc_a-stdio.o)
                              C:/ST/STM32CubeIDE_1.13.1/STM32CubeIDE/plugins/com.st.stm32cube.ide.mcu.externaltools.gnu-tools-for-stm32.12.3.rel1.win32_1.0.200.202406191623/tools/bin/../lib/gcc/arm-none-eabi/12.3.1/../../../../arm-none-eabi/lib/thumb/v7-m/nofp\libc_nano.a(libc_a-findfp.o) (__sread)
C:/ST/STM32CubeIDE_1.13.1/STM32CubeIDE/plugins/com.st.stm32cube.ide.mcu.externaltools.gnu-tools-for-stm32.12.3.rel1.win32_1.0.200.202406191623/tools/bin/../lib/gcc/arm-none-eabi/12.3.1/../../../../arm-none-eabi/lib/thumb/v7-m/nofp\libc_nano.a(libc_a-memset.o)
                              C:/ST/STM32CubeIDE_1.13.1/STM32CubeIDE/plugins/com.st.stm32cube.ide.mcu.externaltools.gnu-tools-for-stm32.12.3.rel1.win32_1.0.200.202406191623/tools/bin/../lib/gcc/arm-none-eabi/12.3.1/../../../../arm-none-eabi/lib/thumb/v7-m/nofp/crt0.o (memset)
C:/ST/STM32CubeIDE_1.13.1/STM32CubeIDE/plugins/com.st.stm32cube.ide.mcu.externaltools.gnu-tools-for-stm32.12.3.rel1.win32_1.0.200.202406191623/tools/bin/../lib/gcc/arm-none-eabi/12.3.1/../../../../arm-none-eabi/lib/thumb/v7-m/nofp\libc_nano.a(libc_a-closer.o)
                              C:/ST/STM32CubeIDE_1.13.1/STM32CubeIDE/plugins/com.st.stm32cube.ide.mcu.externaltools.gnu-tools-for-stm32.12.3.rel1.win32_1.0.200.202406191623/tools/bin/../lib/gcc/arm-none-eabi/12.3.1/../../../../arm-none-eabi/lib/thumb/v7-m/nofp\libc_nano.a(libc_a-stdio.o) (_close_r)
C:/ST/STM32CubeIDE_1.13.1/STM32CubeIDE/plugins/com.st.stm32cube.ide.mcu.externaltools.gnu-tools-for-stm32.12.3.rel1.win32_1.0.200.202406191623/tools/bin/../lib/gcc/arm-none-eabi/12.3.1/../../../../arm-none-eabi/lib/thumb/v7-m/nofp\libc_nano.a(libc_a-reent.o)
                              C:/ST/STM32CubeIDE_1.13.1/STM32CubeIDE/plugins/com.st.stm32cube.ide.mcu.externaltools.gnu-tools-for-stm32.12.3.rel1.win32_1.0.200.202406191623/tools/bin/../lib/gcc/arm-none-eabi/12.3.1/../../../../arm-none-eabi/lib/thumb/v7-m/nofp\libc_nano.a(libc_a-closer.o) (errno)
C:/ST/STM32CubeIDE_1.13.1/STM32CubeIDE/plugins/com.st.stm32cube.ide.mcu.externaltools.gnu-tools-for-stm32.12.3.rel1.win32_1.0.200.202406191623/tools/bin/../lib/gcc/arm-none-eabi/12.3.1/../../../../arm-none-eabi/lib/thumb/v7-m/nofp\libc_nano.a(libc_a-impure.o)
                              C:/ST/STM32CubeIDE_1.13.1/STM32CubeIDE/plugins/com.st.stm32cube.ide.mcu.externaltools.gnu-tools-for-stm32.12.3.rel1.win32_1.0.200.202406191623/tools/bin/../lib/gcc/arm-none-eabi/12.3.1/../../../../arm-none-eabi/lib/thumb/v7-m/nofp\libc_nano.a(libc_a-sprintf.o) (_impure_ptr)
[...]
Memory Configuration

Name             Origin             Length             Attributes
RAM              0x20000000         0x00005000         xrw
FLASH            0x08000000         0x00010000         xr
*default*        0x00000000         0xffffffff

Linker script and memory map

LOAD C:/ST/STM32CubeIDE_1.13.1/STM32CubeIDE/plugins/com.st.stm32cube.ide.mcu.externaltools.gnu-tools-for-stm32.12.3.rel1.win32_1.0.200.202406191623/tools/bin/../lib/gcc/arm-none-eabi/12.3.1/thumb/v7-m/nofp/crti.o
LOAD C:/ST/STM32CubeIDE_1.13.1/STM32CubeIDE/plugins/com.st.stm32cube.ide.mcu.externaltools.gnu-tools-for-stm32.12.3.rel1.win32_1.0.200.202406191623/tools/bin/../lib/gcc/arm-none-eabi/12.3.1/thumb/v7-m/nofp/crtbegin.o
LOAD C:/ST/STM32CubeIDE_1.13.1/STM32CubeIDE/plugins/com.st.stm32cube.ide.mcu.externaltools.gnu-tools-for-stm32.12.3.rel1.win32_1.0.200.202406191623/tools/bin/../lib/gcc/arm-none-eabi/12.3.1/../../../../arm-none-eabi/lib/thumb/v7-m/nofp/crt0.o
LOAD ./Core/Src/ILI9341/ILI9341_GFX.o
LOAD ./Core/Src/ILI9341/ILI9341_STM32_Driver.o
LOAD ./Core/Src/ILI9341/ILI9341_Touchscreen.o
LOAD ./Core/Src/gpio.o
LOAD ./Core/Src/main.o
LOAD ./Core/Src/spi.o
LOAD ./Core/Src/stm32f1xx_hal_msp.o
LOAD ./Core/Src/stm32f1xx_it.o
LOAD ./Core/Src/syscalls.o
LOAD ./Core/Src/sysmem.o
LOAD ./Core/Src/system_stm32f1xx.o
LOAD ./Core/Startup/startup_stm32f103c8tx.o
LOAD ./Drivers/STM32F1xx_HAL_Driver/Src/stm32f1xx_hal.o
LOAD ./Drivers/STM32F1xx_HAL_Driver/Src/stm32f1xx_hal_cortex.o
LOAD ./Drivers/STM32F1xx_HAL_Driver/Src/stm32f1xx_hal_dma.o
LOAD ./Drivers/STM32F1xx_HAL_Driver/Src/stm32f1xx_hal_exti.o
LOAD ./Drivers/STM32F1xx_HAL_Driver/Src/stm32f1xx_hal_flash.o
LOAD ./Drivers/STM32F1xx_HAL_Driver/Src/stm32f1xx_hal_flash_ex.o
LOAD ./Drivers/STM32F1xx_HAL_Driver/Src/stm32f1xx_hal_gpio.o
LOAD ./Drivers/STM32F1xx_HAL_Driver/Src/stm32f1xx_hal_gpio_ex.o
LOAD ./Drivers/STM32F1xx_HAL_Driver/Src/stm32f1xx_hal_pwr.o
LOAD ./Drivers/STM32F1xx_HAL_Driver/Src/stm32f1xx_hal_rcc.o
LOAD ./Drivers/STM32F1xx_HAL_Driver/Src/stm32f1xx_hal_rcc_ex.o
LOAD ./Drivers/STM32F1xx_HAL_Driver/Src/stm32f1xx_hal_spi.o
LOAD ./Drivers/STM32F1xx_HAL_Driver/Src/stm32f1xx_hal_tim.o
LOAD ./Drivers/STM32F1xx_HAL_Driver/Src/stm32f1xx_hal_tim_ex.o
LOAD ./Drivers/STM32F1xx_HAL_Driver/Src/stm32f1xx_hal_uart.o
START GROUP
LOAD C:/ST/STM32CubeIDE_1.13.1/STM32CubeIDE/plugins/com.st.stm32cube.ide.mcu.externaltools.gnu-tools-for-stm32.12.3.rel1.win32_1.0.200.202406191623/tools/bin/../lib/gcc/arm-none-eabi/12.3.1/../../../../arm-none-eabi/lib/thumb/v7-m/nofp\libstdc++_nano.a
LOAD C:/ST/STM32CubeIDE_1.13.1/STM32CubeIDE/plugins/com.st.stm32cube.ide.mcu.externaltools.gnu-tools-for-stm32.12.3.rel1.win32_1.0.200.202406191623/tools/bin/../lib/gcc/arm-none-eabi/12.3.1/../../../../arm-none-eabi/lib/thumb/v7-m/nofp\libsupc++_nano.a
END GROUP
LOAD C:/ST/STM32CubeIDE_1.13.1/STM32CubeIDE/plugins/com.st.stm32cube.ide.mcu.externaltools.gnu-tools-for-stm32.12.3.rel1.win32_1.0.200.202406191623/tools/bin/../lib/gcc/arm-none-eabi/12.3.1/../../../../arm-none-eabi/lib/thumb/v7-m/nofp\libstdc++_nano.a
LOAD C:/ST/STM32CubeIDE_1.13.1/STM32CubeIDE/plugins/com.st.stm32cube.ide.mcu.externaltools.gnu-tools-for-stm32.12.3.rel1.win32_1.0.200.202406191623/tools/bin/../lib/gcc/arm-none-eabi/12.3.1/../../../../arm-none-eabi/lib/thumb/v7-m/nofp\libm.a
LOAD C:/ST/STM32CubeIDE_1.13.1/STM32CubeIDE/plugins/com.st.stm32cube.ide.mcu.externaltools.gnu-tools-for-stm32.12.3.rel1.win32_1.0.200.202406191623/tools/bin/../lib/gcc/arm-none-eabi/12.3.1/../../../../arm-none-eabi/lib/thumb/v7-m/nofp\libc_nano.a
START GROUP
LOAD C:/ST/STM32CubeIDE_1.13.1/STM32CubeIDE/plugins/com.st.stm32cube.ide.mcu.externaltools.gnu-tools-for-stm32.12.3.rel1.win32_1.0.200.202406191623/tools/bin/../lib/gcc/arm-none-eabi/12.3.1/thumb/v7-m/nofp\libgcc.a
LOAD C:/ST/STM32CubeIDE_1.13.1/STM32CubeIDE/plugins/com.st.stm32cube.ide.mcu.externaltools.gnu-tools-for-stm32.12.3.rel1.win32_1.0.200.202406191623/tools/bin/../lib/gcc/arm-none-eabi/12.3.1/../../../../arm-none-eabi/lib/thumb/v7-m/nofp\libc_nano.a
END GROUP
START GROUP
LOAD C:/ST/STM32CubeIDE_1.13.1/STM32CubeIDE/plugins/com.st.stm32cube.ide.mcu.externaltools.gnu-tools-for-stm32.12.3.rel1.win32_1.0.200.202406191623/tools/bin/../lib/gcc/arm-none-eabi/12.3.1/thumb/v7-m/nofp\libgcc.a
LOAD C:/ST/STM32CubeIDE_1.13.1/STM32CubeIDE/plugins/com.st.stm32cube.ide.mcu.externaltools.gnu-tools-for-stm32.12.3.rel1.win32_1.0.200.202406191623/tools/bin/../lib/gcc/arm-none-eabi/12.3.1/../../../../arm-none-eabi/lib/thumb/v7-m/nofp\libc_nano.a
LOAD C:/ST/STM32CubeIDE_1.13.1/STM32CubeIDE/plugins/com.st.stm32cube.ide.mcu.externaltools.gnu-tools-for-stm32.12.3.rel1.win32_1.0.200.202406191623/tools/bin/../lib/gcc/arm-none-eabi/12.3.1/../../../../arm-none-eabi/lib/thumb/v7-m/nofp\libnosys.a
END GROUP
START GROUP
LOAD C:/ST/STM32CubeIDE_1.13.1/STM32CubeIDE/plugins/com.st.stm32cube.ide.mcu.externaltools.gnu-tools-for-stm32.12.3.rel1.win32_1.0.200.202406191623/tools/bin/../lib/gcc/arm-none-eabi/12.3.1/thumb/v7-m/nofp\libgcc.a
LOAD C:/ST/STM32CubeIDE_1.13.1/STM32CubeIDE/plugins/com.st.stm32cube.ide.mcu.externaltools.gnu-tools-for-stm32.12.3.rel1.win32_1.0.200.202406191623/tools/bin/../lib/gcc/arm-none-eabi/12.3.1/../../../../arm-none-eabi/lib/thumb/v7-m/nofp\libc_nano.a
LOAD C:/ST/STM32CubeIDE_1.13.1/STM32CubeIDE/plugins/com.st.stm32cube.ide.mcu.externaltools.gnu-tools-for-stm32.12.3.rel1.win32_1.0.200.202406191623/tools/bin/../lib/gcc/arm-none-eabi/12.3.1/../../../../arm-none-eabi/lib/thumb/v7-m/nofp\libnosys.a
END GROUP
LOAD C:/ST/STM32CubeIDE_1.13.1/STM32CubeIDE/plugins/com.st.stm32cube.ide.mcu.externaltools.gnu-tools-for-stm32.12.3.rel1.win32_1.0.200.202406191623/tools/bin/../lib/gcc/arm-none-eabi/12.3.1/thumb/v7-m/nofp/crtend.o
LOAD C:/ST/STM32CubeIDE_1.13.1/STM32CubeIDE/plugins/com.st.stm32cube.ide.mcu.externaltools.gnu-tools-for-stm32.12.3.rel1.win32_1.0.200.202406191623/tools/bin/../lib/gcc/arm-none-eabi/12.3.1/thumb/v7-m/nofp/crtn.o
                0x20005000                        _estack = (ORIGIN (RAM) + LENGTH (RAM))
                0x00000200                        _Min_Heap_Size = 0x200
                0x00000400                        _Min_Stack_Size = 0x400

.isr_vector     0x08000000      0x10c
                0x08000000                        . = ALIGN (0x4)
 *(.isr_vector)
 .isr_vector    0x08000000      0x10c ./Core/Startup/startup_stm32f103c8tx.o
                0x08000000                g_pfnVectors
                0x0800010c                        . = ALIGN (0x4)

.text           0x0800010c     0x42c8
                0x0800010c                        . = ALIGN (0x4)
 *(.text)
 .text          0x0800010c       0x40 C:/ST/STM32CubeIDE_1.13.1/STM32CubeIDE/plugins/com.st.stm32cube.ide.mcu.externaltools.gnu-tools-for-stm32.12.3.rel1.win32_1.0.200.202406191623/tools/bin/../lib/gcc/arm-none-eabi/12.3.1/thumb/v7-m/nofp/crtbegin.o
 .text          0x0800014c      0x21c C:/ST/STM32CubeIDE_1.13.1/STM32CubeIDE/plugins/com.st.stm32cube.ide.mcu.externaltools.gnu-tools-for-stm32.12.3.rel1.win32_1.0.200.202406191623/tools/bin/../lib/gcc/arm-none-eabi/12.3.1/thumb/v7-m/nofp\libgcc.a(_arm_addsubsf3.o)
                0x0800014c                __aeabi_frsub
                0x08000154                __subsf3
                0x08000154                __aeabi_fsub
                0x08000158                __aeabi_fadd
                0x08000158                __addsf3
                0x080002b8                __aeabi_ui2f
                0x080002b8                __floatunsisf
                0x080002c0                __aeabi_i2f
                0x080002c0                __floatsisf
                0x080002dc                __aeabi_ul2f
                0x080002dc                __floatundisf
                0x080002ec                __aeabi_l2f
                0x080002ec                __floatdisf
 .text          0x08000368       0xec C:/ST/STM32CubeIDE_1.13.1/STM32CubeIDE/plugins/com.st.stm32cube.ide.mcu.externaltools.gnu-tools-for-stm32.12.3.rel1.win32_1.0.200.202406191623/tools/bin/../lib/gcc/arm-none-eabi/12.3.1/thumb/v7-m/nofp\libgcc.a(_arm_cmpsf2.o)
                0x08000368                __gesf2
                0x08000368                __gtsf2
                0x08000370                __lesf2
                0x08000370                __ltsf2
                0x08000378                __nesf2
                0x08000378                __eqsf2
                0x08000378                __cmpsf2
                0x080003d8                __aeabi_cfrcmple
                0x080003e0                __aeabi_cfcmpeq
                0x080003e0                __aeabi_cfcmple
                0x080003f0                __aeabi_fcmpeq
                0x08000404                __aeabi_fcmplt
                0x08000418                __aeabi_fcmple
                0x0800042c                __aeabi_fcmpge
                0x08000440                __aeabi_fcmpgt
 *(.text*)
 .text.ILI9341_Draw_Hollow_Circle
                0x08000454      0x16c ./Core/Src/ILI9341/ILI9341_GFX.o
                0x08000454                ILI9341_Draw_Hollow_Circle
 .text.ILI9341_Draw_Filled_Circle
                0x080005c0      0x110 ./Core/Src/ILI9341/ILI9341_GFX.o
                0x080005c0                ILI9341_Draw_Filled_Circle
 .text.ILI9341_Draw_Hollow_Rectangle_Coord
                0x080006d0      0x102 ./Core/Src/ILI9341/ILI9341_GFX.o
                0x080006d0                ILI9341_Draw_Hollow_Rectangle_Coord
 .text.ILI9341_Draw_Filled_Rectangle_Coord
                0x080007d2       0xbc ./Core/Src/ILI9341/ILI9341_GFX.o
                0x080007d2                ILI9341_Draw_Filled_Rectangle_Coord
 *fill*         0x0800088e        0x2 
 .text.ILI9341_Draw_Char
                0x08000890      0x134 ./Core/Src/ILI9341/ILI9341_GFX.o
                0x08000890                ILI9341_Draw_Char
 .text.ILI9341_Draw_Text
                0x080009c4       0x5e ./Core/Src/ILI9341/ILI9341_GFX.o
                0x080009c4                ILI9341_Draw_Text
 *fill*         0x08000a22        0x2 
 .text.ILI9341_SPI_Init
                0x08000a24       0x20 ./Core/Src/ILI9341/ILI9341_STM32_Driver.o
                0x08000a24                ILI9341_SPI_Init
 .text.ILI9341_SPI_Send
                0x08000a44       0x24 ./Core/Src/ILI9341/ILI9341_STM32_Driver.o
                0x08000a44                ILI9341_SPI_Send
 .text.ILI9341_Write_Command
                0x08000a68       0x3c ./Core/Src/ILI9341/ILI9341_STM32_Driver.o
                0x08000a68                ILI9341_Write_Command
 .text.ILI9341_Write_Data
                0x08000aa4       0x3c ./Core/Src/ILI9341/ILI9341_STM32_Driver.o
                0x08000aa4                ILI9341_Write_Data
 .text.ILI9341_Set_Address
                0x08000ae0       0x98 ./Core/Src/ILI9341/ILI9341_STM32_Driver.o
                0x08000ae0                ILI9341_Set_Address
 .text.ILI9341_Reset
                0x08000b78       0x3c ./Core/Src/ILI9341/ILI9341_STM32_Driver.o
                0x08000b78                ILI9341_Reset
 .text.ILI9341_Set_Rotation
                0x08000bb4       0xa4 ./Core/Src/ILI9341/ILI9341_STM32_Driver.o
                0x08000bb4                ILI9341_Set_Rotation
 .text.ILI9341_Enable
                0x08000c58       0x18 ./Core/Src/ILI9341/ILI9341_STM32_Driver.o
                0x08000c58                ILI9341_Enable
 .text.ILI9341_Init
                0x08000c70      0x21a ./Core/Src/ILI9341/ILI9341_STM32_Driver.o
                0x08000c70                ILI9341_Init
 *fill*         0x08000e8a        0x2 
 .text.ILI9341_Draw_Colour_Burst
                0x08000e8c      0x134 ./Core/Src/ILI9341/ILI9341_STM32_Driver.o
                0x08000e8c                ILI9341_Draw_Colour_Burst
 .text.ILI9341_Fill_Screen
                0x08000fc0       0x4c ./Core/Src/ILI9341/ILI9341_STM32_Driver.o
                0x08000fc0                ILI9341_Fill_Screen
 .text.ILI9341_Draw_Pixel
                0x0800100c      0x190 ./Core/Src/ILI9341/ILI9341_STM32_Driver.o
                0x0800100c                ILI9341_Draw_Pixel
 .text.ILI9341_Draw_Rectangle
                0x0800119c       0xb8 ./Core/Src/ILI9341/ILI9341_STM32_Driver.o
                0x0800119c                ILI9341_Draw_Rectangle
 .text.ILI9341_Draw_Horizontal_Line
                0x08001254       0x88 ./Core/Src/ILI9341/ILI9341_STM32_Driver.o
                0x08001254                ILI9341_Draw_Horizontal_Line
 .text.ILI9341_Draw_Vertical_Line
                0x080012dc       0x88 ./Core/Src/ILI9341/ILI9341_STM32_Driver.o
                0x080012dc                ILI9341_Draw_Vertical_Line
 .text.MX_GPIO_Init
                0x08001364      0x200 ./Core/Src/gpio.o
                0x08001364                MX_GPIO_Init
 .text.main     0x08001564      0x9e4 ./Core/Src/main.o
                0x08001564                main
 .text.SystemClock_Config
                0x08001f48       0x76 ./Core/Src/main.o
                0x08001f48                SystemClock_Config
 *fill*         0x08001fbe        0x2 
 .text.MX_USART1_UART_Init
                0x08001fc0       0x54 ./Core/Src/main.o
 .text.MX_GPIO_Init
                0x08002014       0x7c ./Core/Src/main.o
 .text.Error_Handler
                0x08002090        0xc ./Core/Src/main.o
                0x08002090                Error_Handler
 .text.MX_SPI1_Init
                0x0800209c       0x6c ./Core/Src/spi.o
                0x0800209c                MX_SPI1_Init
 .text.HAL_MspInit
                0x08002108       0x64 ./Core/Src/stm32f1xx_hal_msp.o
                0x08002108                HAL_MspInit
 .text.HAL_SPI_MspInit
                0x0800216c       0x94 ./Core/Src/stm32f1xx_hal_msp.o
                0x0800216c                HAL_SPI_MspInit
 .text.HAL_UART_MspInit
                0x08002200       0x98 ./Core/Src/stm32f1xx_hal_msp.o
                0x08002200                HAL_UART_MspInit
 .text.NMI_Handler
                0x08002298        0x8 ./Core/Src/stm32f1xx_it.o
                0x08002298                NMI_Handler
 .text.HardFault_Handler
                0x080022a0        0x8 ./Core/Src/stm32f1xx_it.o
                0x080022a0                HardFault_Handler
 .text.MemManage_Handler
                0x080022a8        0x8 ./Core/Src/stm32f1xx_it.o
                0x080022a8                MemManage_Handler
 .text.BusFault_Handler
                0x080022b0        0x8 ./Core/Src/stm32f1xx_it.o
                0x080022b0                BusFault_Handler
 .text.UsageFault_Handler
                0x080022b8        0x8 ./Core/Src/stm32f1xx_it.o
                0x080022b8                UsageFault_Handler
 .text.SVC_Handler
                0x080022c0        0xc ./Core/Src/stm32f1xx_it.o
                0x080022c0                SVC_Handler
 .text.DebugMon_Handler
                0x080022cc        0xc ./Core/Src/stm32f1xx_it.o
                0x080022cc                DebugMon_Handler
 .text.PendSV_Handler
                0x080022d8        0xc ./Core/Src/stm32f1xx_it.o
                0x080022d8                PendSV_Handler
 .text.SysTick_Handler
                0x080022e4        0xc ./Core/Src/stm32f1xx_it.o
                0x080022e4                SysTick_Handler
 .text._sbrk    0x080022f0       0x6c ./Core/Src/sysmem.o
                0x080022f0                _sbrk
 .text.SystemInit
                0x0800235c        0xc ./Core/Src/system_stm32f1xx.o
                0x0800235c                SystemInit
 .text.Reset_Handler
                0x08002368       0x48 ./Core/Startup/startup_stm32f103c8tx.o
                0x08002368                Reset_Handler
 .text.Default_Handler
                0x080023b0        0x2 ./Core/Startup/startup_stm32f103c8tx.o
                0x080023b0                RTC_Alarm_IRQHandler
                0x080023b0                EXTI2_IRQHandler
                0x080023b0                TIM1_CC_IRQHandler
                0x080023b0                PVD_IRQHandler
                0x080023b0                EXTI3_IRQHandler
                0x080023b0                EXTI0_IRQHandler
                0x080023b0                I2C2_EV_IRQHandler
                0x080023b0                ADC1_2_IRQHandler
                0x080023b0                SPI1_IRQHandler
                0x080023b0                TAMPER_IRQHandler
                0x080023b0                DMA1_Channel4_IRQHandler
                0x080023b0                USART3_IRQHandler
                0x080023b0                RTC_IRQHandler
                0x080023b0                DMA1_Channel7_IRQHandler
                0x080023b0                CAN1_RX1_IRQHandler
                0x080023b0                TIM4_IRQHandler
                0x080023b0                I2C1_EV_IRQHandler
                0x080023b0                DMA1_Channel6_IRQHandler
                0x080023b0                TIM3_IRQHandler
                0x080023b0                RCC_IRQHandler
                0x080023b0                TIM1_TRG_COM_IRQHandler
                0x080023b0                DMA1_Channel1_IRQHandler
                0x080023b0                Default_Handler
                0x080023b0                EXTI15_10_IRQHandler
                0x080023b0                EXTI9_5_IRQHandler
                0x080023b0                SPI2_IRQHandler
                0x080023b0                DMA1_Channel5_IRQHandler
                0x080023b0                EXTI4_IRQHandler
                0x080023b0                USB_LP_CAN1_RX0_IRQHandler
                0x080023b0                USB_HP_CAN1_TX_IRQHandler
                0x080023b0                DMA1_Channel3_IRQHandler
                0x080023b0                TIM1_UP_IRQHandler
                0x080023b0                WWDG_IRQHandler
                0x080023b0                TIM2_IRQHandler
                0x080023b0                TIM1_BRK_IRQHandler
                0x080023b0                EXTI1_IRQHandler
                0x080023b0                USART2_IRQHandler
                0x080023b0                I2C2_ER_IRQHandler
                0x080023b0                DMA1_Channel2_IRQHandler
                0x080023b0                CAN1_SCE_IRQHandler
                0x080023b0                FLASH_IRQHandler
                0x080023b0                USART1_IRQHandler
                0x080023b0                I2C1_ER_IRQHandler
                0x080023b0                USBWakeUp_IRQHandler
 *fill*         0x080023b2        0x2 
 .text.HAL_Init
                0x080023b4       0x2c ./Drivers/STM32F1xx_HAL_Driver/Src/stm32f1xx_hal.o
                0x080023b4                HAL_Init
 .text.HAL_InitTick
                0x080023e0       0x60 ./Drivers/STM32F1xx_HAL_Driver/Src/stm32f1xx_hal.o
                0x080023e0                HAL_InitTick
 .text.HAL_IncTick
                0x08002440       0x24 ./Drivers/STM32F1xx_HAL_Driver/Src/stm32f1xx_hal.o
                0x08002440                HAL_IncTick
 .text.HAL_GetTick
                0x08002464       0x14 ./Drivers/STM32F1xx_HAL_Driver/Src/stm32f1xx_hal.o
                0x08002464                HAL_GetTick
 .text.HAL_Delay
                0x08002478       0x48 ./Drivers/STM32F1xx_HAL_Driver/Src/stm32f1xx_hal.o
                0x08002478                HAL_Delay
 .text.__NVIC_SetPriorityGrouping
                0x080024c0       0x48 ./Drivers/STM32F1xx_HAL_Driver/Src/stm32f1xx_hal_cortex.o
 .text.__NVIC_GetPriorityGrouping
                0x08002508       0x1c ./Drivers/STM32F1xx_HAL_Driver/Src/stm32f1xx_hal_cortex.o
 .text.__NVIC_SetPriority
                0x08002524       0x54 ./Drivers/STM32F1xx_HAL_Driver/Src/stm32f1xx_hal_cortex.o
 .text.NVIC_EncodePriority
                0x08002578       0x64 ./Drivers/STM32F1xx_HAL_Driver/Src/stm32f1xx_hal_cortex.o
 .text.SysTick_Config
                0x080025dc       0x44 ./Drivers/STM32F1xx_HAL_Driver/Src/stm32f1xx_hal_cortex.o
 .text.HAL_NVIC_SetPriorityGrouping
                0x08002620       0x16 ./Drivers/STM32F1xx_HAL_Driver/Src/stm32f1xx_hal_cortex.o
                0x08002620                HAL_NVIC_SetPriorityGrouping
 .text.HAL_NVIC_SetPriority
                0x08002636       0x38 ./Drivers/STM32F1xx_HAL_Driver/Src/stm32f1xx_hal_cortex.o
                0x08002636                HAL_NVIC_SetPriority
 .text.HAL_SYSTICK_Config
                0x0800266e       0x18 ./Drivers/STM32F1xx_HAL_Driver/Src/stm32f1xx_hal_cortex.o
                0x0800266e                HAL_SYSTICK_Config
 *fill*         0x08002686        0x2 
 .text.HAL_GPIO_Init
                0x08002688      0x308 ./Drivers/STM32F1xx_HAL_Driver/Src/stm32f1xx_hal_gpio.o
                0x08002688                HAL_GPIO_Init
 .text.HAL_GPIO_WritePin
                0x08002990       0x30 ./Drivers/STM32F1xx_HAL_Driver/Src/stm32f1xx_hal_gpio.o
                0x08002990                HAL_GPIO_WritePin
 .text.HAL_RCC_OscConfig
                0x080029c0      0x504 ./Drivers/STM32F1xx_HAL_Driver/Src/stm32f1xx_hal_rcc.o
                0x080029c0                HAL_RCC_OscConfig
 .text.HAL_RCC_ClockConfig
                0x08002ec4      0x1d4 ./Drivers/STM32F1xx_HAL_Driver/Src/stm32f1xx_hal_rcc.o
                0x08002ec4                HAL_RCC_ClockConfig
 .text.HAL_RCC_GetSysClockFreq
                0x08003098       0xa8 ./Drivers/STM32F1xx_HAL_Driver/Src/stm32f1xx_hal_rcc.o
                0x08003098                HAL_RCC_GetSysClockFreq
 .text.HAL_RCC_GetHCLKFreq
                0x08003140       0x14 ./Drivers/STM32F1xx_HAL_Driver/Src/stm32f1xx_hal_rcc.o
                0x08003140                HAL_RCC_GetHCLKFreq
 .text.HAL_RCC_GetPCLK1Freq
                0x08003154       0x28 ./Drivers/STM32F1xx_HAL_Driver/Src/stm32f1xx_hal_rcc.o
                0x08003154                HAL_RCC_GetPCLK1Freq
 .text.HAL_RCC_GetPCLK2Freq
                0x0800317c       0x28 ./Drivers/STM32F1xx_HAL_Driver/Src/stm32f1xx_hal_rcc.o
                0x0800317c                HAL_RCC_GetPCLK2Freq
 .text.RCC_Delay
                0x080031a4       0x3c ./Drivers/STM32F1xx_HAL_Driver/Src/stm32f1xx_hal_rcc.o
 .text.HAL_SPI_Init
                0x080031e0      0x108 ./Drivers/STM32F1xx_HAL_Driver/Src/stm32f1xx_hal_spi.o
                0x080031e0                HAL_SPI_Init
 .text.HAL_SPI_Transmit
                0x080032e8      0x286 ./Drivers/STM32F1xx_HAL_Driver/Src/stm32f1xx_hal_spi.o
                0x080032e8                HAL_SPI_Transmit
 *fill*         0x0800356e        0x2 
 .text.SPI_WaitFlagStateUntilTimeout
                0x08003570      0x110 ./Drivers/STM32F1xx_HAL_Driver/Src/stm32f1xx_hal_spi.o
 .text.SPI_EndRxTxTransaction
                0x08003680       0x3c ./Drivers/STM32F1xx_HAL_Driver/Src/stm32f1xx_hal_spi.o
 .text.HAL_UART_Init
                0x080036bc       0xa0 ./Drivers/STM32F1xx_HAL_Driver/Src/stm32f1xx_hal_uart.o
                0x080036bc                HAL_UART_Init
 .text.HAL_UART_Transmit
                0x0800375c      0x106 ./Drivers/STM32F1xx_HAL_Driver/Src/stm32f1xx_hal_uart.o
                0x0800375c                HAL_UART_Transmit
 .text.UART_WaitOnFlagUntilTimeout
                0x08003862       0xdc ./Drivers/STM32F1xx_HAL_Driver/Src/stm32f1xx_hal_uart.o
 *fill*         0x0800393e        0x2 
 .text.UART_SetConfig
                0x08003940      0x11c ./Drivers/STM32F1xx_HAL_Driver/Src/stm32f1xx_hal_uart.o
 .text.sprintf  0x08003a5c       0x40 C:/ST/STM32CubeIDE_1.13.1/STM32CubeIDE/plugins/com.st.stm32cube.ide.mcu.externaltools.gnu-tools-for-stm32.12.3.rel1.win32_1.0.200.202406191623/tools/bin/../lib/gcc/arm-none-eabi/12.3.1/../../../../arm-none-eabi/lib/thumb/v7-m/nofp\libc_nano.a(libc_a-sprintf.o)
                0x08003a5c                siprintf
                0x08003a5c                sprintf
 .text.memset   0x08003a9c       0x10 C:/ST/STM32CubeIDE_1.13.1/STM32CubeIDE/plugins/com.st.stm32cube.ide.mcu.externaltools.gnu-tools-for-stm32.12.3.rel1.win32_1.0.200.202406191623/tools/bin/../lib/gcc/arm-none-eabi/12.3.1/../../../../arm-none-eabi/lib/thumb/v7-m/nofp\libc_nano.a(libc_a-memset.o)
                0x08003a9c                memset
 .text.__errno  0x08003aac        0xc C:/ST/STM32CubeIDE_1.13.1/STM32CubeIDE/plugins/com.st.stm32cube.ide.mcu.externaltools.gnu-tools-for-stm32.12.3.rel1.win32_1.0.200.202406191623/tools/bin/../lib/gcc/arm-none-eabi/12.3.1/../../../../arm-none-eabi/lib/thumb/v7-m/nofp\libc_nano.a(libc_a-errno.o)
                0x08003aac                __errno
 .text.__libc_init_array
                0x08003ab8       0x48 C:/ST/STM32CubeIDE_1.13.1/STM32CubeIDE/plugins/com.st.stm32cube.ide.mcu.externaltools.gnu-tools-for-stm32.12.3.rel1.win32_1.0.200.202406191623/tools/bin/../lib/gcc/arm-none-eabi/12.3.1/../../../../arm-none-eabi/lib/thumb/v7-m/nofp\libc_nano.a(libc_a-init.o)
                0x08003ab8                __libc_init_array
 .text.__retarget_lock_acquire_recursive
                0x08003b00        0x2 C:/ST/STM32CubeIDE_1.13.1/STM32CubeIDE/plugins/com.st.stm32cube.ide.mcu.externaltools.gnu-tools-for-stm32.12.3.rel1.win32_1.0.200.202406191623/tools/bin/../lib/gcc/arm-none-eabi/12.3.1/../../../../arm-none-eabi/lib/thumb/v7-m/nofp\libc_nano.a(libc_a-lock.o)
                0x08003b00                __retarget_lock_acquire_recursive
 .text.__retarget_lock_release_recursive
                0x08003b02        0x2 C:/ST/STM32CubeIDE_1.13.1/STM32CubeIDE/plugins/com.st.stm32cube.ide.mcu.externaltools.gnu-tools-for-stm32.12.3.rel1.win32_1.0.200.202406191623/tools/bin/../lib/gcc/arm-none-eabi/12.3.1/../../../../arm-none-eabi/lib/thumb/v7-m/nofp\libc_nano.a(libc_a-lock.o)
                0x08003b02                __retarget_lock_release_recursive
 .text._free_r  0x08003b04       0x90 C:/ST/STM32CubeIDE_1.13.1/STM32CubeIDE/plugins/com.st.stm32cube.ide.mcu.externaltools.gnu-tools-for-stm32.12.3.rel1.win32_1.0.200.202406191623/tools/bin/../lib/gcc/arm-none-eabi/12.3.1/../../../../arm-none-eabi/lib/thumb/v7-m/nofp\libc_nano.a(libc_a-freer.o)
                0x08003b04                _free_r
 .text.sbrk_aligned
                0x08003b94       0x44 C:/ST/STM32CubeIDE_1.13.1/STM32CubeIDE/plugins/com.st.stm32cube.ide.mcu.externaltools.gnu-tools-for-stm32.12.3.rel1.win32_1.0.200.202406191623/tools/bin/../lib/gcc/arm-none-eabi/12.3.1/../../../../arm-none-eabi/lib/thumb/v7-m/nofp\libc_nano.a(libc_a-mallocr.o)
 .text._malloc_r
                0x08003bd8      0x100 C:/ST/STM32CubeIDE_1.13.1/STM32CubeIDE/plugins/com.st.stm32cube.ide.mcu.externaltools.gnu-tools-for-stm32.12.3.rel1.win32_1.0.200.202406191623/tools/bin/../lib/gcc/arm-none-eabi/12.3.1/../../../../arm-none-eabi/lib/thumb/v7-m/nofp\libc_nano.a(libc_a-mallocr.o)
                0x08003bd8                _malloc_r
 .text.__malloc_lock
                0x08003cd8        0xc C:/ST/STM32CubeIDE_1.13.1/STM32CubeIDE/plugins/com.st.stm32cube.ide.mcu.externaltools.gnu-tools-for-stm32.12.3.rel1.win32_1.0.200.202406191623/tools/bin/../lib/gcc/arm-none-eabi/12.3.1/../../../../arm-none-eabi/lib/thumb/v7-m/nofp\libc_nano.a(libc_a-mlock.o)
                0x08003cd8                __malloc_lock
 .text.__malloc_unlock
                0x08003ce4        0xc C:/ST/STM32CubeIDE_1.13.1/STM32CubeIDE/plugins/com.st.stm32cube.ide.mcu.externaltools.gnu-tools-for-stm32.12.3.rel1.win32_1.0.200.202406191623/tools/bin/../lib/gcc/arm-none-eabi/12.3.1/../../../../arm-none-eabi/lib/thumb/v7-m/nofp\libc_nano.a(libc_a-mlock.o)
                0x08003ce4                __malloc_unlock
 .text.__ssputs_r
                0x08003cf0       0xb6 C:/ST/STM32CubeIDE_1.13.1/STM32CubeIDE/plugins/com.st.stm32cube.ide.mcu.externaltools.gnu-tools-for-stm32.12.3.rel1.win32_1.0.200.202406191623/tools/bin/../lib/gcc/arm-none-eabi/12.3.1/../../../../arm-none-eabi/lib/thumb/v7-m/nofp\libc_nano.a(libc_a-nano-svfprintf.o)
                0x08003cf0                __ssputs_r
 *fill*         0x08003da6        0x2 
 .text._svfprintf_r
                0x08003da8      0x1f8 C:/ST/STM32CubeIDE_1.13.1/STM32CubeIDE/plugins/com.st.stm32cube.ide.mcu.externaltools.gnu-tools-for-stm32.12.3.rel1.win32_1.0.200.202406191623/tools/bin/../lib/gcc/arm-none-eabi/12.3.1/../../../../arm-none-eabi/lib/thumb/v7-m/nofp\libc_nano.a(libc_a-nano-svfprintf.o)
                0x08003da8                _svfiprintf_r
                0x08003da8                _svfprintf_r
 .text._printf_common
                0x08003fa0       0xe4 C:/ST/STM32CubeIDE_1.13.1/STM32CubeIDE/plugins/com.st.stm32cube.ide.mcu.externaltools.gnu-tools-for-stm32.12.3.rel1.win32_1.0.200.202406191623/tools/bin/../lib/gcc/arm-none-eabi/12.3.1/../../../../arm-none-eabi/lib/thumb/v7-m/nofp\libc_nano.a(libc_a-nano-vfprintf_i.o)
                0x08003fa0                _printf_common
 .text._printf_i
                0x08004084      0x240 C:/ST/STM32CubeIDE_1.13.1/STM32CubeIDE/plugins/com.st.stm32cube.ide.mcu.externaltools.gnu-tools-for-stm32.12.3.rel1.win32_1.0.200.202406191623/tools/bin/../lib/gcc/arm-none-eabi/12.3.1/../../../../arm-none-eabi/lib/thumb/v7-m/nofp\libc_nano.a(libc_a-nano-vfprintf_i.o)
                0x08004084                _printf_i
 .text.memmove  0x080042c4       0x34 C:/ST/STM32CubeIDE_1.13.1/STM32CubeIDE/plugins/com.st.stm32cube.ide.mcu.externaltools.gnu-tools-for-stm32.12.3.rel1.win32_1.0.200.202406191623/tools/bin/../lib/gcc/arm-none-eabi/12.3.1/../../../../arm-none-eabi/lib/thumb/v7-m/nofp\libc_nano.a(libc_a-memmove.o)
                0x080042c4                memmove
 .text._sbrk_r  0x080042f8       0x20 C:/ST/STM32CubeIDE_1.13.1/STM32CubeIDE/plugins/com.st.stm32cube.ide.mcu.externaltools.gnu-tools-for-stm32.12.3.rel1.win32_1.0.200.202406191623/tools/bin/../lib/gcc/arm-none-eabi/12.3.1/../../../../arm-none-eabi/lib/thumb/v7-m/nofp\libc_nano.a(libc_a-sbrkr.o)
                0x080042f8                _sbrk_r
 .text.memchr   0x08004318       0x1c C:/ST/STM32CubeIDE_1.13.1/STM32CubeIDE/plugins/com.st.stm32cube.ide.mcu.externaltools.gnu-tools-for-stm32.12.3.rel1.win32_1.0.200.202406191623/tools/bin/../lib/gcc/arm-none-eabi/12.3.1/../../../../arm-none-eabi/lib/thumb/v7-m/nofp\libc_nano.a(libc_a-memchr-stub.o)
                0x08004318                memchr
 .text.memcpy   0x08004334       0x1c C:/ST/STM32CubeIDE_1.13.1/STM32CubeIDE/plugins/com.st.stm32cube.ide.mcu.externaltools.gnu-tools-for-stm32.12.3.rel1.win32_1.0.200.202406191623/tools/bin/../lib/gcc/arm-none-eabi/12.3.1/../../../../arm-none-eabi/lib/thumb/v7-m/nofp\libc_nano.a(libc_a-memcpy-stub.o)
                0x08004334                memcpy
 .text._realloc_r
                0x08004350       0x5c C:/ST/STM32CubeIDE_1.13.1/STM32CubeIDE/plugins/com.st.stm32cube.ide.mcu.externaltools.gnu-tools-for-stm32.12.3.rel1.win32_1.0.200.202406191623/tools/bin/../lib/gcc/arm-none-eabi/12.3.1/../../../../arm-none-eabi/lib/thumb/v7-m/nofp\libc_nano.a(libc_a-reallocr.o)
                0x08004350                _realloc_r
 .text._malloc_usable_size_r
                0x080043ac       0x10 C:/ST/STM32CubeIDE_1.13.1/STM32CubeIDE/plugins/com.st.stm32cube.ide.mcu.externaltools.gnu-tools-for-stm32.12.3.rel1.win32_1.0.200.202406191623/tools/bin/../lib/gcc/arm-none-eabi/12.3.1/../../../../arm-none-eabi/lib/thumb/v7-m/nofp\libc_nano.a(libc_a-msizer.o)
                0x080043ac                _malloc_usable_size_r
 *(.glue_7)
 .glue_7        0x080043bc        0x0 linker stubs
 *(.glue_7t)
 .glue_7t       0x080043bc        0x0 linker stubs
 *(.eh_frame)
 .eh_frame      0x080043bc        0x0 C:/ST/STM32CubeIDE_1.13.1/STM32CubeIDE/plugins/com.st.stm32cube.ide.mcu.externaltools.gnu-tools-for-stm32.12.3.rel1.win32_1.0.200.202406191623/tools/bin/../lib/gcc/arm-none-eabi/12.3.1/thumb/v7-m/nofp/crtbegin.o
 *(.init)
 .init          0x080043bc        0x4 C:/ST/STM32CubeIDE_1.13.1/STM32CubeIDE/plugins/com.st.stm32cube.ide.mcu.externaltools.gnu-tools-for-stm32.12.3.rel1.win32_1.0.200.202406191623/tools/bin/../lib/gcc/arm-none-eabi/12.3.1/thumb/v7-m/nofp/crti.o
                0x080043bc                _init
 .init          0x080043c0        0x8 C:/ST/STM32CubeIDE_1.13.1/STM32CubeIDE/plugins/com.st.stm32cube.ide.mcu.externaltools.gnu-tools-for-stm32.12.3.rel1.win32_1.0.200.202406191623/tools/bin/../lib/gcc/arm-none-eabi/12.3.1/thumb/v7-m/nofp/crtn.o
 *(.fini)
 .fini          0x080043c8        0x4 C:/ST/STM32CubeIDE_1.13.1/STM32CubeIDE/plugins/com.st.stm32cube.ide.mcu.externaltools.gnu-tools-for-stm32.12.3.rel1.win32_1.0.200.202406191623/tools/bin/../lib/gcc/arm-none-eabi/12.3.1/thumb/v7-m/nofp/crti.o
                0x080043c8                _fini
 .fini          0x080043cc        0x8 C:/ST/STM32CubeIDE_1.13.1/STM32CubeIDE/plugins/com.st.stm32cube.ide.mcu.externaltools.gnu-tools-for-stm32.12.3.rel1.win32_1.0.200.202406191623/tools/bin/../lib/gcc/arm-none-eabi/12.3.1/thumb/v7-m/nofp/crtn.o
                0x080043d4                        . = ALIGN (0x4)
                0x080043d4                        _etext = .

.vfp11_veneer   0x080043d4        0x0
 .vfp11_veneer  0x080043d4        0x0 linker stubs

.v4_bx          0x080043d4        0x0
 .v4_bx         0x080043d4        0x0 linker stubs

.iplt           0x080043d4        0x0
 .iplt          0x080043d4        0x0 C:/ST/STM32CubeIDE_1.13.1/STM32CubeIDE/plugins/com.st.stm32cube.ide.mcu.externaltools.gnu-tools-for-stm32.12.3.rel1.win32_1.0.200.202406191623/tools/bin/../lib/gcc/arm-none-eabi/12.3.1/thumb/v7-m/nofp/crtbegin.o

.rodata         0x080043d4      0x42c
                0x080043d4                        . = ALIGN (0x4)
 *(.rodata)
 .rodata        0x080043d4      0x18a ./Core/Src/main.o
 *(.rodata*)
 *fill*         0x0800455e        0x2 
 .rodata.font   0x08004560      0x240 ./Core/Src/ILI9341/ILI9341_GFX.o
 .rodata.AHBPrescTable
                0x080047a0       0x10 ./Core/Src/system_stm32f1xx.o
                0x080047a0                AHBPrescTable
 .rodata.APBPrescTable
                0x080047b0        0x8 ./Core/Src/system_stm32f1xx.o
                0x080047b0                APBPrescTable
 .rodata.aPLLMULFactorTable.1
                0x080047b8       0x10 ./Drivers/STM32F1xx_HAL_Driver/Src/stm32f1xx_hal_rcc.o
 .rodata.aPredivFactorTable.0
                0x080047c8        0x2 ./Drivers/STM32F1xx_HAL_Driver/Src/stm32f1xx_hal_rcc.o
 .rodata._svfprintf_r.str1.1
                0x080047ca       0x11 C:/ST/STM32CubeIDE_1.13.1/STM32CubeIDE/plugins/com.st.stm32cube.ide.mcu.externaltools.gnu-tools-for-stm32.12.3.rel1.win32_1.0.200.202406191623/tools/bin/../lib/gcc/arm-none-eabi/12.3.1/../../../../arm-none-eabi/lib/thumb/v7-m/nofp\libc_nano.a(libc_a-nano-svfprintf.o)
 .rodata._printf_i.str1.1
                0x080047db       0x22 C:/ST/STM32CubeIDE_1.13.1/STM32CubeIDE/plugins/com.st.stm32cube.ide.mcu.externaltools.gnu-tools-for-stm32.12.3.rel1.win32_1.0.200.202406191623/tools/bin/../lib/gcc/arm-none-eabi/12.3.1/../../../../arm-none-eabi/lib/thumb/v7-m/nofp\libc_nano.a(libc_a-nano-vfprintf_i.o)
                0x08004800                        . = ALIGN (0x4)
 *fill*         0x080047fd        0x3 

.ARM.extab      0x08004800        0x0
                0x08004800                        . = ALIGN (0x4)
 *(.ARM.extab* .gnu.linkonce.armextab.*)
                0x08004800                        . = ALIGN (0x4)

.ARM            0x08004800        0x0
                0x08004800                        . = ALIGN (0x4)
                0x08004800                        __exidx_start = .
 *(.ARM.exidx*)
                0x08004800                        __exidx_end = .
                0x08004800                        . = ALIGN (0x4)

.preinit_array  0x08004800        0x0
                0x08004800                        . = ALIGN (0x4)
                0x08004800                        PROVIDE (__preinit_array_start = .)
 *(.preinit_array*)
                0x08004800                        PROVIDE (__preinit_array_end = .)
                0x08004800                        . = ALIGN (0x4)

.init_array     0x08004800        0x4
                0x08004800                        . = ALIGN (0x4)
                0x08004800                        PROVIDE (__init_array_start = .)
 *(SORT_BY_NAME(.init_array.*))
 *(.init_array*)
 .init_array    0x08004800        0x4 C:/ST/STM32CubeIDE_1.13.1/STM32CubeIDE/plugins/com.st.stm32cube.ide.mcu.externaltools.gnu-tools-for-stm32.12.3.rel1.win32_1.0.200.202406191623/tools/bin/../lib/gcc/arm-none-eabi/12.3.1/thumb/v7-m/nofp/crtbegin.o
                0x08004804                        PROVIDE (__init_array_end = .)
                0x08004804                        . = ALIGN (0x4)

.fini_array     0x08004804        0x4
                0x08004804                        . = ALIGN (0x4)
                [!provide]                        PROVIDE (__fini_array_start = .)
 *(SORT_BY_NAME(.fini_array.*))
 *(.fini_array*)
 .fini_array    0x08004804        0x4 C:/ST/STM32CubeIDE_1.13.1/STM32CubeIDE/plugins/com.st.stm32cube.ide.mcu.externaltools.gnu-tools-for-stm32.12.3.rel1.win32_1.0.200.202406191623/tools/bin/../lib/gcc/arm-none-eabi/12.3.1/thumb/v7-m/nofp/crtbegin.o
                [!provide]                        PROVIDE (__fini_array_end = .)
                0x08004808                        . = ALIGN (0x4)
                0x08004808                        _sidata = LOADADDR (.data)

.rel.dyn        0x08004808        0x0
 .rel.iplt      0x08004808        0x0 C:/ST/STM32CubeIDE_1.13.1/STM32CubeIDE/plugins/com.st.stm32cube.ide.mcu.externaltools.gnu-tools-for-stm32.12.3.rel1.win32_1.0.200.202406191623/tools/bin/../lib/gcc/arm-none-eabi/12.3.1/thumb/v7-m/nofp/crtbegin.o

.data           0x20000000       0x60 load address 0x08004808
                0x20000000                        . = ALIGN (0x4)
                0x20000000                        _sdata = .
 *(.data)
 *(.data*)
 .data.LCD_HEIGHT
                0x20000000        0x2 ./Core/Src/ILI9341/ILI9341_STM32_Driver.o
                0x20000000                LCD_HEIGHT
 .data.LCD_WIDTH
                0x20000002        0x2 ./Core/Src/ILI9341/ILI9341_STM32_Driver.o
                0x20000002                LCD_WIDTH
 .data.SystemCoreClock
                0x20000004        0x4 ./Core/Src/system_stm32f1xx.o
                0x20000004                SystemCoreClock
 .data.uwTickPrio
                0x20000008        0x4 ./Drivers/STM32F1xx_HAL_Driver/Src/stm32f1xx_hal.o
                0x20000008                uwTickPrio
 .data.uwTickFreq
                0x2000000c        0x1 ./Drivers/STM32F1xx_HAL_Driver/Src/stm32f1xx_hal.o
                0x2000000c                uwTickFreq
 *fill*         0x2000000d        0x3 
 .data._impure_ptr
                0x20000010        0x4 C:/ST/STM32CubeIDE_1.13.1/STM32CubeIDE/plugins/com.st.stm32cube.ide.mcu.externaltools.gnu-tools-for-stm32.12.3.rel1.win32_1.0.200.202406191623/tools/bin/../lib/gcc/arm-none-eabi/12.3.1/../../../../arm-none-eabi/lib/thumb/v7-m/nofp\libc_nano.a(libc_a-impure.o)
                0x20000010                _impure_ptr
 .data._impure_data
                0x20000014       0x4c C:/ST/STM32CubeIDE_1.13.1/STM32CubeIDE/plugins/com.st.stm32cube.ide.mcu.externaltools.gnu-tools-for-stm32.12.3.rel1.win32_1.0.200.202406191623/tools/bin/../lib/gcc/arm-none-eabi/12.3.1/../../../../arm-none-eabi/lib/thumb/v7-m/nofp\libc_nano.a(libc_a-impure.o)
                0x20000014                _impure_data
 *(.RamFunc)
 *(.RamFunc*)
                0x20000060                        . = ALIGN (0x4)
                0x20000060                        _edata = .

.igot.plt       0x20000060        0x0 load address 0x08004868
 .igot.plt      0x20000060        0x0 C:/ST/STM32CubeIDE_1.13.1/STM32CubeIDE/plugins/com.st.stm32cube.ide.mcu.externaltools.gnu-tools-for-stm32.12.3.rel1.win32_1.0.200.202406191623/tools/bin/../lib/gcc/arm-none-eabi/12.3.1/thumb/v7-m/nofp/crtbegin.o
                0x20000060                        . = ALIGN (0x4)

.bss            0x20000060      0x210 load address 0x08004868
                0x20000060                        _sbss = .
                0x20000060                        __bss_start__ = _sbss
 *(.bss)
 .bss           0x20000060       0x1c C:/ST/STM32CubeIDE_1.13.1/STM32CubeIDE/plugins/com.st.stm32cube.ide.mcu.externaltools.gnu-tools-for-stm32.12.3.rel1.win32_1.0.200.202406191623/tools/bin/../lib/gcc/arm-none-eabi/12.3.1/thumb/v7-m/nofp/crtbegin.o
 *(.bss*)
 .bss.huart1    0x2000007c       0x48 ./Core/Src/main.o
                0x2000007c                huart1
 .bss.x.1       0x200000c4        0x2 ./Core/Src/main.o
 .bss.y.0       0x200000c6        0x2 ./Core/Src/main.o
 .bss.hspi1     0x200000c8       0x58 ./Core/Src/spi.o
                0x200000c8                hspi1
 .bss.__sbrk_heap_end
                0x20000120        0x4 ./Core/Src/sysmem.o
 .bss.uwTick    0x20000124        0x4 ./Drivers/STM32F1xx_HAL_Driver/Src/stm32f1xx_hal.o
                0x20000124                uwTick
 .bss.__sf      0x20000128      0x138 C:/ST/STM32CubeIDE_1.13.1/STM32CubeIDE/plugins/com.st.stm32cube.ide.mcu.externaltools.gnu-tools-for-stm32.12.3.rel1.win32_1.0.200.202406191623/tools/bin/../lib/gcc/arm-none-eabi/12.3.1/../../../../arm-none-eabi/lib/thumb/v7-m/nofp\libc_nano.a(libc_a-findfp.o)
                0x20000128                __sf
 .bss.errno     0x20000260        0x4 C:/ST/STM32CubeIDE_1.13.1/STM32CubeIDE/plugins/com.st.stm32cube.ide.mcu.externaltools.gnu-tools-for-stm32.12.3.rel1.win32_1.0.200.202406191623/tools/bin/../lib/gcc/arm-none-eabi/12.3.1/../../../../arm-none-eabi/lib/thumb/v7-m/nofp\libc_nano.a(libc_a-reent.o)
                0x20000260                errno
 .bss.__lock___malloc_recursive_mutex
                0x20000264        0x1 C:/ST/STM32CubeIDE_1.13.1/STM32CubeIDE/plugins/com.st.stm32cube.ide.mcu.externaltools.gnu-tools-for-stm32.12.3.rel1.win32_1.0.200.202406191623/tools/bin/../lib/gcc/arm-none-eabi/12.3.1/../../../../arm-none-eabi/lib/thumb/v7-m/nofp\libc_nano.a(libc_a-lock.o)
                0x20000264                __lock___malloc_recursive_mutex
 *fill*         0x20000265        0x3 
 .bss.__malloc_sbrk_start
                0x20000268        0x4 C:/ST/STM32CubeIDE_1.13.1/STM32CubeIDE/plugins/com.st.stm32cube.ide.mcu.externaltools.gnu-tools-for-stm32.12.3.rel1.win32_1.0.200.202406191623/tools/bin/../lib/gcc/arm-none-eabi/12.3.1/../../../../arm-none-eabi/lib/thumb/v7-m/nofp\libc_nano.a(libc_a-mallocr.o)
                0x20000268                __malloc_sbrk_start
 .bss.__malloc_free_list
                0x2000026c        0x4 C:/ST/STM32CubeIDE_1.13.1/STM32CubeIDE/plugins/com.st.stm32cube.ide.mcu.externaltools.gnu-tools-for-stm32.12.3.rel1.win32_1.0.200.202406191623/tools/bin/../lib/gcc/arm-none-eabi/12.3.1/../../../../arm-none-eabi/lib/thumb/v7-m/nofp\libc_nano.a(libc_a-mallocr.o)
                0x2000026c                __malloc_free_list
 *(COMMON)
                0x20000270                        . = ALIGN (0x4)
                0x20000270                        _ebss = .
                0x20000270                        __bss_end__ = _ebss

._user_heap_stack
                0x20000270      0x600 load address 0x08004868
                0x20000270                        . = ALIGN (0x8)
                [!provide]                        PROVIDE (end = .)
                0x20000270                        PROVIDE (_end = .)
                0x20000470                        . = (. + _Min_Heap_Size)
 *fill*         0x20000270      0x200 
                0x20000870                        . = (. + _Min_Stack_Size)
 *fill*         0x20000470      0x400 
                0x20000870                        . = ALIGN (0x8)

/DISCARD/
 libc.a(*)
 libm.a(*)
 libgcc.a(*)

.ARM.attributes
                0x00000000       0x29
 *(.ARM.attributes)
 .ARM.attributes
                0x00000000       0x1d C:/ST/STM32CubeIDE_1.13.1/STM32CubeIDE/plugins/com.st.stm32cube.ide.mcu.externaltools.gnu-tools-for-stm32.12.3.rel1.win32_1.0.200.202406191623/tools/bin/../lib/gcc/arm-none-eabi/12.3.1/thumb/v7-m/nofp/crti.o
 .ARM.attributes
                0x0000001d       0x2d C:/ST/STM32CubeIDE_1.13.1/STM32CubeIDE/plugins/com.st.stm32cube.ide.mcu.externaltools.gnu-tools-for-stm32.12.3.rel1.win32_1.0.200.202406191623/tools/bin/../lib/gcc/arm-none-eabi/12.3.1/thumb/v7-m/nofp/crtbegin.o
 .ARM.attributes
                0x0000004a       0x2d ./Core/Src/ILI9341/ILI9341_GFX.o
 .ARM.attributes
                0x00000077       0x2d ./Core/Src/ILI9341/ILI9341_STM32_Driver.o
 .ARM.attributes
                0x000000a4       0x2d ./Core/Src/gpio.o
 .ARM.attributes
                0x000000d1       0x2d ./Core/Src/main.o
 .ARM.attributes
                0x000000fe       0x2d ./Core/Src/spi.o
 .ARM.attributes
                0x0000012b       0x2d ./Core/Src/stm32f1xx_hal_msp.o
 .ARM.attributes
                0x00000158       0x2d ./Core/Src/stm32f1xx_it.o
 .ARM.attributes
                0x00000185       0x2d ./Core/Src/sysmem.o
 .ARM.attributes
                0x000001b2       0x2d ./Core/Src/system_stm32f1xx.o
 .ARM.attributes
                0x000001df       0x21 ./Core/Startup/startup_stm32f103c8tx.o
 .ARM.attributes
                0x00000200       0x2d ./Drivers/STM32F1xx_HAL_Driver/Src/stm32f1xx_hal.o
 .ARM.attributes
                0x0000022d       0x2d ./Drivers/STM32F1xx_HAL_Driver/Src/stm32f1xx_hal_cortex.o
 .ARM.attributes
                0x0000025a       0x2d ./Drivers/STM32F1xx_HAL_Driver/Src/stm32f1xx_hal_gpio.o
 .ARM.attributes
                0x00000287       0x2d ./Drivers/STM32F1xx_HAL_Driver/Src/stm32f1xx_hal_rcc.o
 .ARM.attributes
                0x000002b4       0x2d ./Drivers/STM32F1xx_HAL_Driver/Src/stm32f1xx_hal_spi.o
 .ARM.attributes
                0x000002e1       0x2d ./Drivers/STM32F1xx_HAL_Driver/Src/stm32f1xx_hal_uart.o
 .ARM.attributes
                0x0000030e       0x2d C:/ST/STM32CubeIDE_1.13.1/STM32CubeIDE/plugins/com.st.stm32cube.ide.mcu.externaltools.gnu-tools-for-stm32.12.3.rel1.win32_1.0.200.202406191623/tools/bin/../lib/gcc/arm-none-eabi/12.3.1/../../../../arm-none-eabi/lib/thumb/v7-m/nofp\libc_nano.a(libc_a-findfp.o)
 .ARM.attributes
                0x0000033b       0x2d C:/ST/STM32CubeIDE_1.13.1/STM32CubeIDE/plugins/com.st.stm32cube.ide.mcu.externaltools.gnu-tools-for-stm32.12.3.rel1.win32_1.0.200.202406191623/tools/bin/../lib/gcc/arm-none-eabi/12.3.1/../../../../arm-none-eabi/lib/thumb/v7-m/nofp\libc_nano.a(libc_a-sprintf.o)
 .ARM.attributes
                0x00000368       0x2d C:/ST/STM32CubeIDE_1.13.1/STM32CubeIDE/plugins/com.st.stm32cube.ide.mcu.externaltools.gnu-tools-for-stm32.12.3.rel1.win32_1.0.200.202406191623/tools/bin/../lib/gcc/arm-none-eabi/12.3.1/../../../../arm-none-eabi/lib/thumb/v7-m/nofp\libc_nano.a(libc_a-memset.o)
 .ARM.attributes
                0x00000395       0x2d C:/ST/STM32CubeIDE_1.13.1/STM32CubeIDE/plugins/com.st.stm32cube.ide.mcu.externaltools.gnu-tools-for-stm32.12.3.rel1.win32_1.0.200.202406191623/tools/bin/../lib/gcc/arm-none-eabi/12.3.1/../../../../arm-none-eabi/lib/thumb/v7-m/nofp\libc_nano.a(libc_a-reent.o)
 .ARM.attributes
                0x000003c2       0x2d C:/ST/STM32CubeIDE_1.13.1/STM32CubeIDE/plugins/com.st.stm32cube.ide.mcu.externaltools.gnu-tools-for-stm32.12.3.rel1.win32_1.0.200.202406191623/tools/bin/../lib/gcc/arm-none-eabi/12.3.1/../../../../arm-none-eabi/lib/thumb/v7-m/nofp\libc_nano.a(libc_a-impure.o)
 .ARM.attributes
                0x000003ef       0x2d C:/ST/STM32CubeIDE_1.13.1/STM32CubeIDE/plugins/com.st.stm32cube.ide.mcu.externaltools.gnu-tools-for-stm32.12.3.rel1.win32_1.0.200.202406191623/tools/bin/../lib/gcc/arm-none-eabi/12.3.1/../../../../arm-none-eabi/lib/thumb/v7-m/nofp\libc_nano.a(libc_a-errno.o)
 .ARM.attributes
                0x0000041c       0x2d C:/ST/STM32CubeIDE_1.13.1/STM32CubeIDE/plugins/com.st.stm32cube.ide.mcu.externaltools.gnu-tools-for-stm32.12.3.rel1.win32_1.0.200.202406191623/tools/bin/../lib/gcc/arm-none-eabi/12.3.1/../../../../arm-none-eabi/lib/thumb/v7-m/nofp\libc_nano.a(libc_a-init.o)
 .ARM.attributes
                0x00000449       0x2d C:/ST/STM32CubeIDE_1.13.1/STM32CubeIDE/plugins/com.st.stm32cube.ide.mcu.externaltools.gnu-tools-for-stm32.12.3.rel1.win32_1.0.200.202406191623/tools/bin/../lib/gcc/arm-none-eabi/12.3.1/../../../../arm-none-eabi/lib/thumb/v7-m/nofp\libc_nano.a(libc_a-lock.o)
 .ARM.attributes
                0x00000476       0x2d C:/ST/STM32CubeIDE_1.13.1/STM32CubeIDE/plugins/com.st.stm32cube.ide.mcu.externaltools.gnu-tools-for-stm32.12.3.rel1.win32_1.0.200.202406191623/tools/bin/../lib/gcc/arm-none-eabi/12.3.1/../../../../arm-none-eabi/lib/thumb/v7-m/nofp\libc_nano.a(libc_a-freer.o)
 .ARM.attributes
                0x000004a3       0x2d C:/ST/STM32CubeIDE_1.13.1/STM32CubeIDE/plugins/com.st.stm32cube.ide.mcu.externaltools.gnu-tools-for-stm32.12.3.rel1.win32_1.0.200.202406191623/tools/bin/../lib/gcc/arm-none-eabi/12.3.1/../../../../arm-none-eabi/lib/thumb/v7-m/nofp\libc_nano.a(libc_a-mallocr.o)
 .ARM.attributes
                0x000004d0       0x2d C:/ST/STM32CubeIDE_1.13.1/STM32CubeIDE/plugins/com.st.stm32cube.ide.mcu.externaltools.gnu-tools-for-stm32.12.3.rel1.win32_1.0.200.202406191623/tools/bin/../lib/gcc/arm-none-eabi/12.3.1/../../../../arm-none-eabi/lib/thumb/v7-m/nofp\libc_nano.a(libc_a-mlock.o)
 .ARM.attributes
                0x000004fd       0x2d C:/ST/STM32CubeIDE_1.13.1/STM32CubeIDE/plugins/com.st.stm32cube.ide.mcu.externaltools.gnu-tools-for-stm32.12.3.rel1.win32_1.0.200.202406191623/tools/bin/../lib/gcc/arm-none-eabi/12.3.1/../../../../arm-none-eabi/lib/thumb/v7-m/nofp\libc_nano.a(libc_a-nano-svfprintf.o)
 .ARM.attributes
                0x0000052a       0x2d C:/ST/STM32CubeIDE_1.13.1/STM32CubeIDE/plugins/com.st.stm32cube.ide.mcu.externaltools.gnu-tools-for-stm32.12.3.rel1.win32_1.0.200.202406191623/tools/bin/../lib/gcc/arm-none-eabi/12.3.1/../../../../arm-none-eabi/lib/thumb/v7-m/nofp\libc_nano.a(libc_a-nano-vfprintf_i.o)
 .ARM.attributes
                0x00000557       0x2d C:/ST/STM32CubeIDE_1.13.1/STM32CubeIDE/plugins/com.st.stm32cube.ide.mcu.externaltools.gnu-tools-for-stm32.12.3.rel1.win32_1.0.200.202406191623/tools/bin/../lib/gcc/arm-none-eabi/12.3.1/../../../../arm-none-eabi/lib/thumb/v7-m/nofp\libc_nano.a(libc_a-memmove.o)
 .ARM.attributes
                0x00000584       0x2d C:/ST/STM32CubeIDE_1.13.1/STM32CubeIDE/plugins/com.st.stm32cube.ide.mcu.externaltools.gnu-tools-for-stm32.12.3.rel1.win32_1.0.200.202406191623/tools/bin/../lib/gcc/arm-none-eabi/12.3.1/../../../../arm-none-eabi/lib/thumb/v7-m/nofp\libc_nano.a(libc_a-sbrkr.o)
 .ARM.attributes
                0x000005b1       0x2d C:/ST/STM32CubeIDE_1.13.1/STM32CubeIDE/plugins/com.st.stm32cube.ide.mcu.externaltools.gnu-tools-for-stm32.12.3.rel1.win32_1.0.200.202406191623/tools/bin/../lib/gcc/arm-none-eabi/12.3.1/../../../../arm-none-eabi/lib/thumb/v7-m/nofp\libc_nano.a(libc_a-memchr-stub.o)
 .ARM.attributes
                0x000005de       0x2d C:/ST/STM32CubeIDE_1.13.1/STM32CubeIDE/plugins/com.st.stm32cube.ide.mcu.externaltools.gnu-tools-for-stm32.12.3.rel1.win32_1.0.200.202406191623/tools/bin/../lib/gcc/arm-none-eabi/12.3.1/../../../../arm-none-eabi/lib/thumb/v7-m/nofp\libc_nano.a(libc_a-memcpy-stub.o)
 .ARM.attributes
                0x0000060b       0x2d C:/ST/STM32CubeIDE_1.13.1/STM32CubeIDE/plugins/com.st.stm32cube.ide.mcu.externaltools.gnu-tools-for-stm32.12.3.rel1.win32_1.0.200.202406191623/tools/bin/../lib/gcc/arm-none-eabi/12.3.1/../../../../arm-none-eabi/lib/thumb/v7-m/nofp\libc_nano.a(libc_a-reallocr.o)
 .ARM.attributes
                0x00000638       0x2d C:/ST/STM32CubeIDE_1.13.1/STM32CubeIDE/plugins/com.st.stm32cube.ide.mcu.externaltools.gnu-tools-for-stm32.12.3.rel1.win32_1.0.200.202406191623/tools/bin/../lib/gcc/arm-none-eabi/12.3.1/../../../../arm-none-eabi/lib/thumb/v7-m/nofp\libc_nano.a(libc_a-msizer.o)
 .ARM.attributes
                0x00000665       0x1d C:/ST/STM32CubeIDE_1.13.1/STM32CubeIDE/plugins/com.st.stm32cube.ide.mcu.externaltools.gnu-tools-for-stm32.12.3.rel1.win32_1.0.200.202406191623/tools/bin/../lib/gcc/arm-none-eabi/12.3.1/thumb/v7-m/nofp\libgcc.a(_arm_addsubsf3.o)
 .ARM.attributes
                0x00000682       0x1d C:/ST/STM32CubeIDE_1.13.1/STM32CubeIDE/plugins/com.st.stm32cube.ide.mcu.externaltools.gnu-tools-for-stm32.12.3.rel1.win32_1.0.200.202406191623/tools/bin/../lib/gcc/arm-none-eabi/12.3.1/thumb/v7-m/nofp\libgcc.a(_arm_cmpsf2.o)
 .ARM.attributes
                0x0000069f       0x1d C:/ST/STM32CubeIDE_1.13.1/STM32CubeIDE/plugins/com.st.stm32cube.ide.mcu.externaltools.gnu-tools-for-stm32.12.3.rel1.win32_1.0.200.202406191623/tools/bin/../lib/gcc/arm-none-eabi/12.3.1/thumb/v7-m/nofp/crtn.o
OUTPUT(EstacionCalorPro.elf elf32-littlearm)
LOAD linker stubs
LOAD C:/ST/STM32CubeIDE_1.13.1/STM32CubeIDE/plugins/com.st.stm32cube.ide.mcu.externaltools.gnu-tools-for-stm32.12.3.rel1.win32_1.0.200.202406191623/tools/bin/../lib/gcc/arm-none-eabi/12.3.1/../../../../arm-none-eabi/lib/thumb/v7-m/nofp\libc.a
LOAD C:/ST/STM32CubeIDE_1.13.1/STM32CubeIDE/plugins/com.st.stm32cube.ide.mcu.externaltools.gnu-tools-for-stm32.12.3.rel1.win32_1.0.200.202406191623/tools/bin/../lib/gcc/arm-none-eabi/12.3.1/../../../../arm-none-eabi/lib/thumb/v7-m/nofp\libm.a
LOAD C:/ST/STM32CubeIDE_1.13.1/STM32CubeIDE/plugins/com.st.stm32cube.ide.mcu.externaltools.gnu-tools-for-stm32.12.3.rel1.win32_1.0.200.202406191623/tools/bin/../lib/gcc/arm-none-eabi/12.3.1/thumb/v7-m/nofp\libgcc.a

.debug_info     0x00000000     0xa1e3
 .debug_info    0x00000000      0xce1 ./Core/Src/ILI9341/ILI9341_GFX.o
 .debug_info    0x00000ce1      0xa66 ./Core/Src/ILI9341/ILI9341_STM32_Driver.o
 .debug_info    0x00001747      0x2ef ./Core/Src/gpio.o
 .debug_info    0x00001a36      0xe8e ./Core/Src/main.o
 .debug_info    0x000028c4      0x5bc ./Core/Src/spi.o
 .debug_info    0x00002e80      0xae0 ./Core/Src/stm32f1xx_hal_msp.o
 .debug_info    0x00003960      0x113 ./Core/Src/stm32f1xx_it.o
 .debug_info    0x00003a73      0x168 ./Core/Src/sysmem.o
 .debug_info    0x00003bdb      0x222 ./Core/Src/system_stm32f1xx.o
 .debug_info    0x00003dfd       0x30 ./Core/Startup/startup_stm32f103c8tx.o
 .debug_info    0x00003e2d      0x704 ./Drivers/STM32F1xx_HAL_Driver/Src/stm32f1xx_hal.o
 .debug_info    0x00004531      0xa87 ./Drivers/STM32F1xx_HAL_Driver/Src/stm32f1xx_hal_cortex.o
 .debug_info    0x00004fb8      0x5ab ./Drivers/STM32F1xx_HAL_Driver/Src/stm32f1xx_hal_gpio.o
 .debug_info    0x00005563      0x7d5 ./Drivers/STM32F1xx_HAL_Driver/Src/stm32f1xx_hal_rcc.o
 .debug_info    0x00005d38     0x1503 ./Drivers/STM32F1xx_HAL_Driver/Src/stm32f1xx_hal_spi.o
 .debug_info    0x0000723b     0x2fa8 ./Drivers/STM32F1xx_HAL_Driver/Src/stm32f1xx_hal_uart.o

.debug_abbrev   0x00000000     0x1da1
 .debug_abbrev  0x00000000      0x268 ./Core/Src/ILI9341/ILI9341_GFX.o
 .debug_abbrev  0x00000268      0x28e ./Core/Src/ILI9341/ILI9341_STM32_Driver.o
 .debug_abbrev  0x000004f6      0x13f ./Core/Src/gpio.o
 .debug_abbrev  0x00000635      0x2c9 ./Core/Src/main.o
 .debug_abbrev  0x000008fe      0x173 ./Core/Src/spi.o
 .debug_abbrev  0x00000a71      0x1ac ./Core/Src/stm32f1xx_hal_msp.o
 .debug_abbrev  0x00000c1d       0x73 ./Core/Src/stm32f1xx_it.o
 .debug_abbrev  0x00000c90       0xbc ./Core/Src/sysmem.o
 .debug_abbrev  0x00000d4c      0x13f ./Core/Src/system_stm32f1xx.o
 .debug_abbrev  0x00000e8b       0x24 ./Core/Startup/startup_stm32f103c8tx.o
 .debug_abbrev  0x00000eaf      0x201 ./Drivers/STM32F1xx_HAL_Driver/Src/stm32f1xx_hal.o
 .debug_abbrev  0x000010b0      0x2f8 ./Drivers/STM32F1xx_HAL_Driver/Src/stm32f1xx_hal_cortex.o
 .debug_abbrev  0x000013a8      0x1ca ./Drivers/STM32F1xx_HAL_Driver/Src/stm32f1xx_hal_gpio.o
 .debug_abbrev  0x00001572      0x2b3 ./Drivers/STM32F1xx_HAL_Driver/Src/stm32f1xx_hal_rcc.o
 .debug_abbrev  0x00001825      0x284 ./Drivers/STM32F1xx_HAL_Driver/Src/stm32f1xx_hal_spi.o
 .debug_abbrev  0x00001aa9      0x2f8 ./Drivers/STM32F1xx_HAL_Driver/Src/stm32f1xx_hal_uart.o

.debug_aranges  0x00000000      0x918
 .debug_aranges
                0x00000000       0x50 ./Core/Src/ILI9341/ILI9341_GFX.o
 .debug_aranges
                0x00000050       0x98 ./Core/Src/ILI9341/ILI9341_STM32_Driver.o
 .debug_aranges
                0x000000e8       0x20 ./Core/Src/gpio.o
 .debug_aranges
                0x00000108       0x40 ./Core/Src/main.o
 .debug_aranges
                0x00000148       0x20 ./Core/Src/spi.o
 .debug_aranges
                0x00000168       0x40 ./Core/Src/stm32f1xx_hal_msp.o
 .debug_aranges
                0x000001a8       0x60 ./Core/Src/stm32f1xx_it.o
 .debug_aranges
                0x00000208       0x20 ./Core/Src/sysmem.o
 .debug_aranges
                0x00000228       0x28 ./Core/Src/system_stm32f1xx.o
 .debug_aranges
                0x00000250       0x28 ./Core/Startup/startup_stm32f103c8tx.o
 .debug_aranges
                0x00000278       0xe0 ./Drivers/STM32F1xx_HAL_Driver/Src/stm32f1xx_hal.o
 .debug_aranges
                0x00000358      0x100 ./Drivers/STM32F1xx_HAL_Driver/Src/stm32f1xx_hal_cortex.o
 .debug_aranges
                0x00000458       0x58 ./Drivers/STM32F1xx_HAL_Driver/Src/stm32f1xx_hal_gpio.o
 .debug_aranges
                0x000004b0       0x90 ./Drivers/STM32F1xx_HAL_Driver/Src/stm32f1xx_hal_rcc.o
 .debug_aranges
                0x00000540      0x1d0 ./Drivers/STM32F1xx_HAL_Driver/Src/stm32f1xx_hal_spi.o
 .debug_aranges
                0x00000710      0x208 ./Drivers/STM32F1xx_HAL_Driver/Src/stm32f1xx_hal_uart.o

.debug_rnglists
                0x00000000      0x6ee
 .debug_rnglists
                0x00000000       0x3d ./Core/Src/ILI9341/ILI9341_GFX.o
 .debug_rnglists
                0x0000003d       0x75 ./Core/Src/ILI9341/ILI9341_STM32_Driver.o
 .debug_rnglists
                0x000000b2       0x14 ./Core/Src/gpio.o
 .debug_rnglists
                0x000000c6       0x2c ./Core/Src/main.o
 .debug_rnglists
                0x000000f2       0x13 ./Core/Src/spi.o
 .debug_rnglists
                0x00000105       0x2d ./Core/Src/stm32f1xx_hal_msp.o
 .debug_rnglists
                0x00000132       0x43 ./Core/Src/stm32f1xx_it.o
 .debug_rnglists
                0x00000175       0x13 ./Core/Src/sysmem.o
 .debug_rnglists
                0x00000188       0x1a ./Core/Src/system_stm32f1xx.o
 .debug_rnglists
                0x000001a2       0x19 ./Core/Startup/startup_stm32f103c8tx.o
 .debug_rnglists
                0x000001bb       0xa3 ./Drivers/STM32F1xx_HAL_Driver/Src/stm32f1xx_hal.o
 .debug_rnglists
                0x0000025e       0xbb ./Drivers/STM32F1xx_HAL_Driver/Src/stm32f1xx_hal_cortex.o
 .debug_rnglists
                0x00000319       0x3f ./Drivers/STM32F1xx_HAL_Driver/Src/stm32f1xx_hal_gpio.o
 .debug_rnglists
                0x00000358       0x6c ./Drivers/STM32F1xx_HAL_Driver/Src/stm32f1xx_hal_rcc.o
 .debug_rnglists
                0x000003c4      0x16e ./Drivers/STM32F1xx_HAL_Driver/Src/stm32f1xx_hal_spi.o
 .debug_rnglists
                0x00000532      0x1bc ./Drivers/STM32F1xx_HAL_Driver/Src/stm32f1xx_hal_uart.o

.debug_macro    0x00000000    0x17b5c
 .debug_macro   0x00000000      0x1cc ./Core/Src/ILI9341/ILI9341_GFX.o
 .debug_macro   0x000001cc      0xaa8 ./Core/Src/ILI9341/ILI9341_GFX.o
 .debug_macro   0x00000c74      0x21b ./Core/Src/ILI9341/ILI9341_GFX.o
 .debug_macro   0x00000e8f       0x2e ./Core/Src/ILI9341/ILI9341_GFX.o
 .debug_macro   0x00000ebd       0x22 ./Core/Src/ILI9341/ILI9341_GFX.o
 .debug_macro   0x00000edf       0x22 ./Core/Src/ILI9341/ILI9341_GFX.o
 .debug_macro   0x00000f01       0x8e ./Core/Src/ILI9341/ILI9341_GFX.o
 .debug_macro   0x00000f8f       0x51 ./Core/Src/ILI9341/ILI9341_GFX.o
 .debug_macro   0x00000fe0      0x103 ./Core/Src/ILI9341/ILI9341_GFX.o
 .debug_macro   0x000010e3       0x6a ./Core/Src/ILI9341/ILI9341_GFX.o
 .debug_macro   0x0000114d      0x1df ./Core/Src/ILI9341/ILI9341_GFX.o
 .debug_macro   0x0000132c       0x1c ./Core/Src/ILI9341/ILI9341_GFX.o
 .debug_macro   0x00001348       0x22 ./Core/Src/ILI9341/ILI9341_GFX.o
 .debug_macro   0x0000136a       0xbd ./Core/Src/ILI9341/ILI9341_GFX.o
 .debug_macro   0x00001427      0xd23 ./Core/Src/ILI9341/ILI9341_GFX.o
 .debug_macro   0x0000214a     0xe09e ./Core/Src/ILI9341/ILI9341_GFX.o
 .debug_macro   0x000101e8       0x6d ./Core/Src/ILI9341/ILI9341_GFX.o
 .debug_macro   0x00010255     0x348d ./Core/Src/ILI9341/ILI9341_GFX.o
 .debug_macro   0x000136e2      0x189 ./Core/Src/ILI9341/ILI9341_GFX.o
 .debug_macro   0x0001386b       0x5c ./Core/Src/ILI9341/ILI9341_GFX.o
 .debug_macro   0x000138c7      0x5bc ./Core/Src/ILI9341/ILI9341_GFX.o
 .debug_macro   0x00013e83      0x289 ./Core/Src/ILI9341/ILI9341_GFX.o
 .debug_macro   0x0001410c      0x1cb ./Core/Src/ILI9341/ILI9341_GFX.o
 .debug_macro   0x000142d7      0x114 ./Core/Src/ILI9341/ILI9341_GFX.o
 .debug_macro   0x000143eb      0x1b2 ./Core/Src/ILI9341/ILI9341_GFX.o
 .debug_macro   0x0001459d       0x27 ./Core/Src/ILI9341/ILI9341_GFX.o
 .debug_macro   0x000145c4      0x136 ./Core/Src/ILI9341/ILI9341_GFX.o
 .debug_macro   0x000146fa      0x1bc ./Core/Src/ILI9341/ILI9341_GFX.o
 .debug_macro   0x000148b6       0x34 ./Core/Src/ILI9341/ILI9341_GFX.o
 .debug_macro   0x000148ea       0x3c ./Core/Src/ILI9341/ILI9341_GFX.o
 .debug_macro   0x00014926       0x57 ./Core/Src/ILI9341/ILI9341_GFX.o
 .debug_macro   0x0001497d       0x87 ./Core/Src/ILI9341/ILI9341_GFX.o
 .debug_macro   0x00014a04      0x240 ./Core/Src/ILI9341/ILI9341_GFX.o
 .debug_macro   0x00014c44      0x140 ./Core/Src/ILI9341/ILI9341_GFX.o
 .debug_macro   0x00014d84      0x217 ./Core/Src/ILI9341/ILI9341_GFX.o
 .debug_macro   0x00014f9b      0x28e ./Core/Src/ILI9341/ILI9341_GFX.o
 .debug_macro   0x00015229       0x83 ./Core/Src/ILI9341/ILI9341_GFX.o
 .debug_macro   0x000152ac      0x1b4 ./Core/Src/ILI9341/ILI9341_GFX.o
 .debug_macro   0x00015460       0xd1 ./Core/Src/ILI9341/ILI9341_GFX.o
 .debug_macro   0x00015531       0x16 ./Core/Src/ILI9341/ILI9341_GFX.o
 .debug_macro   0x00015547       0x16 ./Core/Src/ILI9341/ILI9341_GFX.o
 .debug_macro   0x0001555d      0x1c4 ./Core/Src/ILI9341/ILI9341_STM32_Driver.o
 .debug_macro   0x00015721      0x1ab ./Core/Src/gpio.o
 .debug_macro   0x000158cc      0x2b2 ./Core/Src/main.o
 .debug_macro   0x00015b7e      0x1ae ./Core/Src/main.o
 .debug_macro   0x00015d2c       0xd7 ./Core/Src/main.o
 .debug_macro   0x00015e03       0x61 ./Core/Src/main.o
 .debug_macro   0x00015e64       0x24 ./Core/Src/main.o
 .debug_macro   0x00015e88       0x43 ./Core/Src/main.o
 .debug_macro   0x00015ecb       0x34 ./Core/Src/main.o
 .debug_macro   0x00015eff       0x16 ./Core/Src/main.o
 .debug_macro   0x00015f15       0x35 ./Core/Src/main.o
 .debug_macro   0x00015f4a      0x369 ./Core/Src/main.o
 .debug_macro   0x000162b3       0x10 ./Core/Src/main.o
 .debug_macro   0x000162c3       0x16 ./Core/Src/main.o
 .debug_macro   0x000162d9       0x43 ./Core/Src/main.o
 .debug_macro   0x0001631c       0x34 ./Core/Src/main.o
 .debug_macro   0x00016350       0x10 ./Core/Src/main.o
 .debug_macro   0x00016360       0x58 ./Core/Src/main.o
 .debug_macro   0x000163b8       0x8e ./Core/Src/main.o
 .debug_macro   0x00016446       0x1c ./Core/Src/main.o
 .debug_macro   0x00016462      0x177 ./Core/Src/main.o
 .debug_macro   0x000165d9       0x16 ./Core/Src/main.o
 .debug_macro   0x000165ef       0x16 ./Core/Src/main.o
 .debug_macro   0x00016605      0x146 ./Core/Src/main.o
 .debug_macro   0x0001674b      0x1ac ./Core/Src/spi.o
 .debug_macro   0x000168f7      0x1a7 ./Core/Src/stm32f1xx_hal_msp.o
 .debug_macro   0x00016a9e      0x1b1 ./Core/Src/stm32f1xx_it.o
 .debug_macro   0x00016c4f       0xff ./Core/Src/sysmem.o
 .debug_macro   0x00016d4e      0x23c ./Core/Src/sysmem.o
 .debug_macro   0x00016f8a      0x198 ./Core/Src/system_stm32f1xx.o
 .debug_macro   0x00017122      0x1bc ./Drivers/STM32F1xx_HAL_Driver/Src/stm32f1xx_hal.o
 .debug_macro   0x000172de      0x198 ./Drivers/STM32F1xx_HAL_Driver/Src/stm32f1xx_hal_cortex.o
 .debug_macro   0x00017476      0x203 ./Drivers/STM32F1xx_HAL_Driver/Src/stm32f1xx_hal_gpio.o
 .debug_macro   0x00017679      0x1aa ./Drivers/STM32F1xx_HAL_Driver/Src/stm32f1xx_hal_rcc.o
 .debug_macro   0x00017823      0x1a0 ./Drivers/STM32F1xx_HAL_Driver/Src/stm32f1xx_hal_spi.o
 .debug_macro   0x000179c3      0x199 ./Drivers/STM32F1xx_HAL_Driver/Src/stm32f1xx_hal_uart.o

.debug_line     0x00000000     0xbfda
 .debug_line    0x00000000      0xb3d ./Core/Src/ILI9341/ILI9341_GFX.o
 .debug_line    0x00000b3d      0xa6f ./Core/Src/ILI9341/ILI9341_STM32_Driver.o
 .debug_line    0x000015ac      0x784 ./Core/Src/gpio.o
 .debug_line    0x00001d30      0xcec ./Core/Src/main.o
 .debug_line    0x00002a1c      0x70e ./Core/Src/spi.o
 .debug_line    0x0000312a      0x792 ./Core/Src/stm32f1xx_hal_msp.o
 .debug_line    0x000038bc      0x7ad ./Core/Src/stm32f1xx_it.o
 .debug_line    0x00004069      0x583 ./Core/Src/sysmem.o
 .debug_line    0x000045ec      0x769 ./Core/Src/system_stm32f1xx.o
 .debug_line    0x00004d55       0x78 ./Core/Startup/startup_stm32f103c8tx.o
 .debug_line    0x00004dcd      0x996 ./Drivers/STM32F1xx_HAL_Driver/Src/stm32f1xx_hal.o
 .debug_line    0x00005763      0xb82 ./Drivers/STM32F1xx_HAL_Driver/Src/stm32f1xx_hal_cortex.o
 .debug_line    0x000062e5      0xa2f ./Drivers/STM32F1xx_HAL_Driver/Src/stm32f1xx_hal_gpio.o
 .debug_line    0x00006d14      0xd9f ./Drivers/STM32F1xx_HAL_Driver/Src/stm32f1xx_hal_rcc.o
 .debug_line    0x00007ab3     0x1c48 ./Drivers/STM32F1xx_HAL_Driver/Src/stm32f1xx_hal_spi.o
 .debug_line    0x000096fb     0x28df ./Drivers/STM32F1xx_HAL_Driver/Src/stm32f1xx_hal_uart.o

.debug_str      0x00000000    0x847cb
 .debug_str     0x00000000    0x7e8c4 ./Core/Src/ILI9341/ILI9341_GFX.o
                              0x7ecc1 (size before relaxing)
 .debug_str     0x0007e8c4      0x1d0 ./Core/Src/ILI9341/ILI9341_STM32_Driver.o
                              0x7ec84 (size before relaxing)
 .debug_str     0x0007ea94       0x8e ./Core/Src/gpio.o
                              0x7e45e (size before relaxing)
 .debug_str     0x0007eb22     0x3c43 ./Core/Src/main.o
                              0x826c7 (size before relaxing)
 .debug_str     0x00082765       0x1f ./Core/Src/spi.o
                              0x7e107 (size before relaxing)
 .debug_str     0x00082784       0xbb ./Core/Src/stm32f1xx_hal_msp.o
                              0x7ea18 (size before relaxing)
 .debug_str     0x0008283f       0xc9 ./Core/Src/stm32f1xx_it.o
                              0x7e3fd (size before relaxing)
 .debug_str     0x00082908      0x4dc ./Core/Src/sysmem.o
                               0x6082 (size before relaxing)
 .debug_str     0x00082de4       0x7e ./Core/Src/system_stm32f1xx.o
                              0x7dd7e (size before relaxing)
 .debug_str     0x00082e62       0x44 ./Core/Startup/startup_stm32f103c8tx.o
                                 0x8d (size before relaxing)
 .debug_str     0x00082ea6      0x5fd ./Drivers/STM32F1xx_HAL_Driver/Src/stm32f1xx_hal.o
                              0x7e4b1 (size before relaxing)
 .debug_str     0x000834a3      0x2b1 ./Drivers/STM32F1xx_HAL_Driver/Src/stm32f1xx_hal_cortex.o
                              0x7e3fd (size before relaxing)
 .debug_str     0x00083754      0x2e1 ./Drivers/STM32F1xx_HAL_Driver/Src/stm32f1xx_hal_gpio.o
                              0x7e104 (size before relaxing)
 .debug_str     0x00083a35      0x229 ./Drivers/STM32F1xx_HAL_Driver/Src/stm32f1xx_hal_rcc.o
                              0x7e1ad (size before relaxing)
 .debug_str     0x00083c5e      0x560 ./Drivers/STM32F1xx_HAL_Driver/Src/stm32f1xx_hal_spi.o
                              0x7e6aa (size before relaxing)
 .debug_str     0x000841be      0x60d ./Drivers/STM32F1xx_HAL_Driver/Src/stm32f1xx_hal_uart.o
                              0x7e81e (size before relaxing)

.comment        0x00000000       0x43
 .comment       0x00000000       0x43 ./Core/Src/ILI9341/ILI9341_GFX.o
                                 0x44 (size before relaxing)
 .comment       0x00000043       0x44 ./Core/Src/ILI9341/ILI9341_STM32_Driver.o
 .comment       0x00000043       0x44 ./Core/Src/gpio.o
 .comment       0x00000043       0x44 ./Core/Src/main.o
 .comment       0x00000043       0x44 ./Core/Src/spi.o
 .comment       0x00000043       0x44 ./Core/Src/stm32f1xx_hal_msp.o
 .comment       0x00000043       0x44 ./Core/Src/stm32f1xx_it.o
 .comment       0x00000043       0x44 ./Core/Src/sysmem.o
 .comment       0x00000043       0x44 ./Core/Src/system_stm32f1xx.o
 .comment       0x00000043       0x44 ./Drivers/STM32F1xx_HAL_Driver/Src/stm32f1xx_hal.o
 .comment       0x00000043       0x44 ./Drivers/STM32F1xx_HAL_Driver/Src/stm32f1xx_hal_cortex.o
 .comment       0x00000043       0x44 ./Drivers/STM32F1xx_HAL_Driver/Src/stm32f1xx_hal_gpio.o
 .comment       0x00000043       0x44 ./Drivers/STM32F1xx_HAL_Driver/Src/stm32f1xx_hal_rcc.o
 .comment       0x00000043       0x44 ./Drivers/STM32F1xx_HAL_Driver/Src/stm32f1xx_hal_spi.o
 .comment       0x00000043       0x44 ./Drivers/STM32F1xx_HAL_Driver/Src/stm32f1xx_hal_uart.o

.debug_frame    0x00000000     0x29c4
 .debug_frame   0x00000000      0x128 ./Core/Src/ILI9341/ILI9341_GFX.o
 .debug_frame   0x00000128      0x24c ./Core/Src/ILI9341/ILI9341_STM32_Driver.o
 .debug_frame   0x00000374       0x34 ./Core/Src/gpio.o
 .debug_frame   0x000003a8       0xb0 ./Core/Src/main.o
 .debug_frame   0x00000458       0x2c ./Core/Src/spi.o
 .debug_frame   0x00000484       0xc8 ./Core/Src/stm32f1xx_hal_msp.o
 .debug_frame   0x0000054c      0x104 ./Core/Src/stm32f1xx_it.o
 .debug_frame   0x00000650       0x34 ./Core/Src/sysmem.o
 .debug_frame   0x00000684       0x58 ./Core/Src/system_stm32f1xx.o
 .debug_frame   0x000006dc      0x334 ./Drivers/STM32F1xx_HAL_Driver/Src/stm32f1xx_hal.o
 .debug_frame   0x00000a10      0x428 ./Drivers/STM32F1xx_HAL_Driver/Src/stm32f1xx_hal_cortex.o
 .debug_frame   0x00000e38      0x14c ./Drivers/STM32F1xx_HAL_Driver/Src/stm32f1xx_hal_gpio.o
 .debug_frame   0x00000f84      0x218 ./Drivers/STM32F1xx_HAL_Driver/Src/stm32f1xx_hal_rcc.o
 .debug_frame   0x0000119c      0x824 ./Drivers/STM32F1xx_HAL_Driver/Src/stm32f1xx_hal_spi.o
 .debug_frame   0x000019c0      0x944 ./Drivers/STM32F1xx_HAL_Driver/Src/stm32f1xx_hal_uart.o
 .debug_frame   0x00002304      0x144 C:/ST/STM32CubeIDE_1.13.1/STM32CubeIDE/plugins/com.st.stm32cube.ide.mcu.externaltools.gnu-tools-for-stm32.12.3.rel1.win32_1.0.200.202406191623/tools/bin/../lib/gcc/arm-none-eabi/12.3.1/../../../../arm-none-eabi/lib/thumb/v7-m/nofp\libc_nano.a(libc_a-findfp.o)
 .debug_frame   0x00002448       0x6c C:/ST/STM32CubeIDE_1.13.1/STM32CubeIDE/plugins/com.st.stm32cube.ide.mcu.externaltools.gnu-tools-for-stm32.12.3.rel1.win32_1.0.200.202406191623/tools/bin/../lib/gcc/arm-none-eabi/12.3.1/../../../../arm-none-eabi/lib/thumb/v7-m/nofp\libc_nano.a(libc_a-sprintf.o)
 .debug_frame   0x000024b4       0x20 C:/ST/STM32CubeIDE_1.13.1/STM32CubeIDE/plugins/com.st.stm32cube.ide.mcu.externaltools.gnu-tools-for-stm32.12.3.rel1.win32_1.0.200.202406191623/tools/bin/../lib/gcc/arm-none-eabi/12.3.1/../../../../arm-none-eabi/lib/thumb/v7-m/nofp\libc_nano.a(libc_a-memset.o)
 .debug_frame   0x000024d4       0x38 C:/ST/STM32CubeIDE_1.13.1/STM32CubeIDE/plugins/com.st.stm32cube.ide.mcu.externaltools.gnu-tools-for-stm32.12.3.rel1.win32_1.0.200.202406191623/tools/bin/../lib/gcc/arm-none-eabi/12.3.1/../../../../arm-none-eabi/lib/thumb/v7-m/nofp\libc_nano.a(libc_a-reent.o)
 .debug_frame   0x0000250c       0x20 C:/ST/STM32CubeIDE_1.13.1/STM32CubeIDE/plugins/com.st.stm32cube.ide.mcu.externaltools.gnu-tools-for-stm32.12.3.rel1.win32_1.0.200.202406191623/tools/bin/../lib/gcc/arm-none-eabi/12.3.1/../../../../arm-none-eabi/lib/thumb/v7-m/nofp\libc_nano.a(libc_a-errno.o)
 .debug_frame   0x0000252c       0x2c C:/ST/STM32CubeIDE_1.13.1/STM32CubeIDE/plugins/com.st.stm32cube.ide.mcu.externaltools.gnu-tools-for-stm32.12.3.rel1.win32_1.0.200.202406191623/tools/bin/../lib/gcc/arm-none-eabi/12.3.1/../../../../arm-none-eabi/lib/thumb/v7-m/nofp\libc_nano.a(libc_a-init.o)
 .debug_frame   0x00002558       0xb0 C:/ST/STM32CubeIDE_1.13.1/STM32CubeIDE/plugins/com.st.stm32cube.ide.mcu.externaltools.gnu-tools-for-stm32.12.3.rel1.win32_1.0.200.202406191623/tools/bin/../lib/gcc/arm-none-eabi/12.3.1/../../../../arm-none-eabi/lib/thumb/v7-m/nofp\libc_nano.a(libc_a-lock.o)
 .debug_frame   0x00002608       0x38 C:/ST/STM32CubeIDE_1.13.1/STM32CubeIDE/plugins/com.st.stm32cube.ide.mcu.externaltools.gnu-tools-for-stm32.12.3.rel1.win32_1.0.200.202406191623/tools/bin/../lib/gcc/arm-none-eabi/12.3.1/../../../../arm-none-eabi/lib/thumb/v7-m/nofp\libc_nano.a(libc_a-freer.o)
 .debug_frame   0x00002640       0x50 C:/ST/STM32CubeIDE_1.13.1/STM32CubeIDE/plugins/com.st.stm32cube.ide.mcu.externaltools.gnu-tools-for-stm32.12.3.rel1.win32_1.0.200.202406191623/tools/bin/../lib/gcc/arm-none-eabi/12.3.1/../../../../arm-none-eabi/lib/thumb/v7-m/nofp\libc_nano.a(libc_a-mallocr.o)
 .debug_frame   0x00002690       0x30 C:/ST/STM32CubeIDE_1.13.1/STM32CubeIDE/plugins/com.st.stm32cube.ide.mcu.externaltools.gnu-tools-for-stm32.12.3.rel1.win32_1.0.200.202406191623/tools/bin/../lib/gcc/arm-none-eabi/12.3.1/../../../../arm-none-eabi/lib/thumb/v7-m/nofp\libc_nano.a(libc_a-mlock.o)
 .debug_frame   0x000026c0       0x90 C:/ST/STM32CubeIDE_1.13.1/STM32CubeIDE/plugins/com.st.stm32cube.ide.mcu.externaltools.gnu-tools-for-stm32.12.3.rel1.win32_1.0.200.202406191623/tools/bin/../lib/gcc/arm-none-eabi/12.3.1/../../../../arm-none-eabi/lib/thumb/v7-m/nofp\libc_nano.a(libc_a-nano-svfprintf.o)
 .debug_frame   0x00002750       0x60 C:/ST/STM32CubeIDE_1.13.1/STM32CubeIDE/plugins/com.st.stm32cube.ide.mcu.externaltools.gnu-tools-for-stm32.12.3.rel1.win32_1.0.200.202406191623/tools/bin/../lib/gcc/arm-none-eabi/12.3.1/../../../../arm-none-eabi/lib/thumb/v7-m/nofp\libc_nano.a(libc_a-nano-vfprintf_i.o)
 .debug_frame   0x000027b0       0x28 C:/ST/STM32CubeIDE_1.13.1/STM32CubeIDE/plugins/com.st.stm32cube.ide.mcu.externaltools.gnu-tools-for-stm32.12.3.rel1.win32_1.0.200.202406191623/tools/bin/../lib/gcc/arm-none-eabi/12.3.1/../../../../arm-none-eabi/lib/thumb/v7-m/nofp\libc_nano.a(libc_a-memmove.o)
 .debug_frame   0x000027d8       0x2c C:/ST/STM32CubeIDE_1.13.1/STM32CubeIDE/plugins/com.st.stm32cube.ide.mcu.externaltools.gnu-tools-for-stm32.12.3.rel1.win32_1.0.200.202406191623/tools/bin/../lib/gcc/arm-none-eabi/12.3.1/../../../../arm-none-eabi/lib/thumb/v7-m/nofp\libc_nano.a(libc_a-sbrkr.o)
 .debug_frame   0x00002804       0x28 C:/ST/STM32CubeIDE_1.13.1/STM32CubeIDE/plugins/com.st.stm32cube.ide.mcu.externaltools.gnu-tools-for-stm32.12.3.rel1.win32_1.0.200.202406191623/tools/bin/../lib/gcc/arm-none-eabi/12.3.1/../../../../arm-none-eabi/lib/thumb/v7-m/nofp\libc_nano.a(libc_a-memchr-stub.o)
 .debug_frame   0x0000282c       0x28 C:/ST/STM32CubeIDE_1.13.1/STM32CubeIDE/plugins/com.st.stm32cube.ide.mcu.externaltools.gnu-tools-for-stm32.12.3.rel1.win32_1.0.200.202406191623/tools/bin/../lib/gcc/arm-none-eabi/12.3.1/../../../../arm-none-eabi/lib/thumb/v7-m/nofp\libc_nano.a(libc_a-memcpy-stub.o)
 .debug_frame   0x00002854       0x3c C:/ST/STM32CubeIDE_1.13.1/STM32CubeIDE/plugins/com.st.stm32cube.ide.mcu.externaltools.gnu-tools-for-stm32.12.3.rel1.win32_1.0.200.202406191623/tools/bin/../lib/gcc/arm-none-eabi/12.3.1/../../../../arm-none-eabi/lib/thumb/v7-m/nofp\libc_nano.a(libc_a-reallocr.o)
 .debug_frame   0x00002890       0x20 C:/ST/STM32CubeIDE_1.13.1/STM32CubeIDE/plugins/com.st.stm32cube.ide.mcu.externaltools.gnu-tools-for-stm32.12.3.rel1.win32_1.0.200.202406191623/tools/bin/../lib/gcc/arm-none-eabi/12.3.1/../../../../arm-none-eabi/lib/thumb/v7-m/nofp\libc_nano.a(libc_a-msizer.o)
 .debug_frame   0x000028b0       0x4c C:/ST/STM32CubeIDE_1.13.1/STM32CubeIDE/plugins/com.st.stm32cube.ide.mcu.externaltools.gnu-tools-for-stm32.12.3.rel1.win32_1.0.200.202406191623/tools/bin/../lib/gcc/arm-none-eabi/12.3.1/thumb/v7-m/nofp\libgcc.a(_arm_addsubsf3.o)
 .debug_frame   0x000028fc       0xc8 C:/ST/STM32CubeIDE_1.13.1/STM32CubeIDE/plugins/com.st.stm32cube.ide.mcu.externaltools.gnu-tools-for-stm32.12.3.rel1.win32_1.0.200.202406191623/tools/bin/../lib/gcc/arm-none-eabi/12.3.1/thumb/v7-m/nofp\libgcc.a(_arm_cmpsf2.o)

.debug_line_str
                0x00000000       0x71
 .debug_line_str
                0x00000000       0x71 ./Core/Startup/startup_stm32f103c8tx.o
