
Discarded input sections

 .text          0x0000000000000000        0x0 ..\obj\stm32f4xx_dac.o
 .data          0x0000000000000000        0x0 ..\obj\stm32f4xx_dac.o
 .bss           0x0000000000000000        0x0 ..\obj\stm32f4xx_dac.o
 .text.DAC_DeInit
                0x0000000000000000       0x1c ..\obj\stm32f4xx_dac.o
 .text.DAC_StructInit
                0x0000000000000000       0x2a ..\obj\stm32f4xx_dac.o
 .text.DAC_SoftwareTriggerCmd
                0x0000000000000000       0x4c ..\obj\stm32f4xx_dac.o
 .text.DAC_DualSoftwareTriggerCmd
                0x0000000000000000       0x38 ..\obj\stm32f4xx_dac.o
 .text.DAC_WaveGenerationCmd
                0x0000000000000000       0x4c ..\obj\stm32f4xx_dac.o
 .text.DAC_SetChannel2Data
                0x0000000000000000       0x34 ..\obj\stm32f4xx_dac.o
 .text.DAC_SetDualChannelData
                0x0000000000000000       0x58 ..\obj\stm32f4xx_dac.o
 .text.DAC_GetDataOutputValue
                0x0000000000000000       0x30 ..\obj\stm32f4xx_dac.o
 .text.DAC_DMACmd
                0x0000000000000000       0x4c ..\obj\stm32f4xx_dac.o
 .text.DAC_ITConfig
                0x0000000000000000       0x4c ..\obj\stm32f4xx_dac.o
 .text.DAC_GetFlagStatus
                0x0000000000000000       0x3c ..\obj\stm32f4xx_dac.o
 .text.DAC_ClearFlag
                0x0000000000000000       0x24 ..\obj\stm32f4xx_dac.o
 .text.DAC_GetITStatus
                0x0000000000000000       0x54 ..\obj\stm32f4xx_dac.o
 .text.DAC_ClearITPendingBit
                0x0000000000000000       0x24 ..\obj\stm32f4xx_dac.o
 .text          0x0000000000000000        0x0 ..\obj\startup_stm32f4xx.o
 .data          0x0000000000000000        0x0 ..\obj\startup_stm32f4xx.o
 .bss           0x0000000000000000        0x0 ..\obj\startup_stm32f4xx.o
 .text          0x0000000000000000        0x0 ..\obj\main.o
 .data          0x0000000000000000        0x0 ..\obj\main.o
 .bss           0x0000000000000000        0x0 ..\obj\main.o
 .text          0x0000000000000000        0x0 ..\obj\stm32f4xx_rcc.o
 .data          0x0000000000000000       0x10 ..\obj\stm32f4xx_rcc.o
 .bss           0x0000000000000000        0x0 ..\obj\stm32f4xx_rcc.o
 .text.RCC_DeInit
                0x0000000000000000       0x50 ..\obj\stm32f4xx_rcc.o
 .text.RCC_HSEConfig
                0x0000000000000000       0x24 ..\obj\stm32f4xx_rcc.o
 .text.RCC_WaitForHSEStartUp
                0x0000000000000000       0x50 ..\obj\stm32f4xx_rcc.o
 .text.RCC_AdjustHSICalibrationValue
                0x0000000000000000       0x3c ..\obj\stm32f4xx_rcc.o
 .text.RCC_HSICmd
                0x0000000000000000       0x20 ..\obj\stm32f4xx_rcc.o
 .text.RCC_LSEConfig
                0x0000000000000000       0x40 ..\obj\stm32f4xx_rcc.o
 .text.RCC_LSICmd
                0x0000000000000000       0x20 ..\obj\stm32f4xx_rcc.o
 .text.RCC_PLLConfig
                0x0000000000000000       0x3c ..\obj\stm32f4xx_rcc.o
 .text.RCC_PLLCmd
                0x0000000000000000       0x20 ..\obj\stm32f4xx_rcc.o
 .text.RCC_PLLI2SConfig
                0x0000000000000000       0x28 ..\obj\stm32f4xx_rcc.o
 .text.RCC_PLLI2SCmd
                0x0000000000000000       0x20 ..\obj\stm32f4xx_rcc.o
 .text.RCC_ClockSecuritySystemCmd
                0x0000000000000000       0x20 ..\obj\stm32f4xx_rcc.o
 .text.RCC_MCO1Config
                0x0000000000000000       0x3c ..\obj\stm32f4xx_rcc.o
 .text.RCC_MCO2Config
                0x0000000000000000       0x3c ..\obj\stm32f4xx_rcc.o
 .text.RCC_SYSCLKConfig
                0x0000000000000000       0x38 ..\obj\stm32f4xx_rcc.o
 .text.RCC_GetSYSCLKSource
                0x0000000000000000       0x1c ..\obj\stm32f4xx_rcc.o
 .text.RCC_HCLKConfig
                0x0000000000000000       0x38 ..\obj\stm32f4xx_rcc.o
 .text.RCC_PCLK1Config
                0x0000000000000000       0x38 ..\obj\stm32f4xx_rcc.o
 .text.RCC_PCLK2Config
                0x0000000000000000       0x38 ..\obj\stm32f4xx_rcc.o
 .text.RCC_GetClocksFreq
                0x0000000000000000      0x15c ..\obj\stm32f4xx_rcc.o
 .text.RCC_RTCCLKConfig
                0x0000000000000000       0x5c ..\obj\stm32f4xx_rcc.o
 .text.RCC_RTCCLKCmd
                0x0000000000000000       0x20 ..\obj\stm32f4xx_rcc.o
 .text.RCC_BackupResetCmd
                0x0000000000000000       0x20 ..\obj\stm32f4xx_rcc.o
 .text.RCC_I2SCLKConfig
                0x0000000000000000       0x1c ..\obj\stm32f4xx_rcc.o
 .text.RCC_AHB1PeriphClockCmd
                0x0000000000000000       0x3c ..\obj\stm32f4xx_rcc.o
 .text.RCC_AHB2PeriphClockCmd
                0x0000000000000000       0x3c ..\obj\stm32f4xx_rcc.o
 .text.RCC_AHB3PeriphClockCmd
                0x0000000000000000       0x3c ..\obj\stm32f4xx_rcc.o
 .text.RCC_APB2PeriphClockCmd
                0x0000000000000000       0x3c ..\obj\stm32f4xx_rcc.o
 .text.RCC_AHB1PeriphResetCmd
                0x0000000000000000       0x3c ..\obj\stm32f4xx_rcc.o
 .text.RCC_AHB2PeriphResetCmd
                0x0000000000000000       0x3c ..\obj\stm32f4xx_rcc.o
 .text.RCC_AHB3PeriphResetCmd
                0x0000000000000000       0x3c ..\obj\stm32f4xx_rcc.o
 .text.RCC_APB1PeriphResetCmd
                0x0000000000000000       0x3c ..\obj\stm32f4xx_rcc.o
 .text.RCC_APB2PeriphResetCmd
                0x0000000000000000       0x3c ..\obj\stm32f4xx_rcc.o
 .text.RCC_AHB1PeriphClockLPModeCmd
                0x0000000000000000       0x3c ..\obj\stm32f4xx_rcc.o
 .text.RCC_AHB2PeriphClockLPModeCmd
                0x0000000000000000       0x3c ..\obj\stm32f4xx_rcc.o
 .text.RCC_AHB3PeriphClockLPModeCmd
                0x0000000000000000       0x3c ..\obj\stm32f4xx_rcc.o
 .text.RCC_APB1PeriphClockLPModeCmd
                0x0000000000000000       0x3c ..\obj\stm32f4xx_rcc.o
 .text.RCC_APB2PeriphClockLPModeCmd
                0x0000000000000000       0x3c ..\obj\stm32f4xx_rcc.o
 .text.RCC_ITConfig
                0x0000000000000000       0x4c ..\obj\stm32f4xx_rcc.o
 .text.RCC_GetFlagStatus
                0x0000000000000000       0x74 ..\obj\stm32f4xx_rcc.o
 .text.RCC_ClearFlag
                0x0000000000000000       0x1c ..\obj\stm32f4xx_rcc.o
 .text.RCC_GetITStatus
                0x0000000000000000       0x34 ..\obj\stm32f4xx_rcc.o
 .text.RCC_ClearITPendingBit
                0x0000000000000000       0x20 ..\obj\stm32f4xx_rcc.o
 .text          0x0000000000000000        0x0 ..\obj\stm32f4xx_gpio.o
 .data          0x0000000000000000        0x0 ..\obj\stm32f4xx_gpio.o
 .bss           0x0000000000000000        0x0 ..\obj\stm32f4xx_gpio.o
 .text.GPIO_DeInit
                0x0000000000000000      0x120 ..\obj\stm32f4xx_gpio.o
 .text.GPIO_StructInit
                0x0000000000000000       0x32 ..\obj\stm32f4xx_gpio.o
 .text.GPIO_PinLockConfig
                0x0000000000000000       0x42 ..\obj\stm32f4xx_gpio.o
 .text.GPIO_ReadInputDataBit
                0x0000000000000000       0x32 ..\obj\stm32f4xx_gpio.o
 .text.GPIO_ReadInputData
                0x0000000000000000       0x18 ..\obj\stm32f4xx_gpio.o
 .text.GPIO_ReadOutputDataBit
                0x0000000000000000       0x32 ..\obj\stm32f4xx_gpio.o
 .text.GPIO_ReadOutputData
                0x0000000000000000       0x18 ..\obj\stm32f4xx_gpio.o
 .text.GPIO_SetBits
                0x0000000000000000       0x1c ..\obj\stm32f4xx_gpio.o
 .text.GPIO_ResetBits
                0x0000000000000000       0x1c ..\obj\stm32f4xx_gpio.o
 .text.GPIO_WriteBit
                0x0000000000000000       0x2e ..\obj\stm32f4xx_gpio.o
 .text.GPIO_Write
                0x0000000000000000       0x1c ..\obj\stm32f4xx_gpio.o
 .text.GPIO_ToggleBits
                0x0000000000000000       0x22 ..\obj\stm32f4xx_gpio.o
 .text.GPIO_PinAFConfig
                0x0000000000000000       0x90 ..\obj\stm32f4xx_gpio.o
 .text          0x0000000000000000        0x0 ..\obj\system_stm32f4xx.o
 .data          0x0000000000000000       0x14 ..\obj\system_stm32f4xx.o
 .bss           0x0000000000000000        0x0 ..\obj\system_stm32f4xx.o
 .text.SystemInit
                0x0000000000000000       0x5c ..\obj\system_stm32f4xx.o
 .text.SystemCoreClockUpdate
                0x0000000000000000      0x100 ..\obj\system_stm32f4xx.o
 .text.SetSysClock
                0x0000000000000000       0xf4 ..\obj\system_stm32f4xx.o
 .debug_info    0x0000000000000000      0x5ad ..\obj\system_stm32f4xx.o
 .debug_abbrev  0x0000000000000000      0x167 ..\obj\system_stm32f4xx.o
 .debug_aranges
                0x0000000000000000       0x30 ..\obj\system_stm32f4xx.o
 .debug_rnglists
                0x0000000000000000       0x21 ..\obj\system_stm32f4xx.o
 .debug_line    0x0000000000000000      0x435 ..\obj\system_stm32f4xx.o
 .debug_str     0x0000000000000000      0x3c3 ..\obj\system_stm32f4xx.o
 .comment       0x0000000000000000       0x44 ..\obj\system_stm32f4xx.o
 .debug_frame   0x0000000000000000       0x7c ..\obj\system_stm32f4xx.o
 .ARM.attributes
                0x0000000000000000       0x2e ..\obj\system_stm32f4xx.o
 .text          0x0000000000000000        0x0 ..\obj\syscalls.o
 .data          0x0000000000000000        0x0 ..\obj\syscalls.o
 .bss           0x0000000000000000        0x4 ..\obj\syscalls.o
 .text._sbrk    0x0000000000000000       0x3c ..\obj\syscalls.o
 .text.link     0x0000000000000000       0x18 ..\obj\syscalls.o
 .text._close   0x0000000000000000       0x16 ..\obj\syscalls.o
 .text._fstat   0x0000000000000000       0x1e ..\obj\syscalls.o
 .text._isatty  0x0000000000000000       0x14 ..\obj\syscalls.o
 .text._lseek   0x0000000000000000       0x18 ..\obj\syscalls.o
 .text._read    0x0000000000000000       0x18 ..\obj\syscalls.o
 .text._write   0x0000000000000000       0x18 ..\obj\syscalls.o
 .text.abort    0x0000000000000000        0x6 ..\obj\syscalls.o
 .debug_info    0x0000000000000000      0x47a ..\obj\syscalls.o
 .debug_abbrev  0x0000000000000000      0x117 ..\obj\syscalls.o
 .debug_aranges
                0x0000000000000000       0x60 ..\obj\syscalls.o
 .debug_rnglists
                0x0000000000000000       0x43 ..\obj\syscalls.o
 .debug_line    0x0000000000000000      0x442 ..\obj\syscalls.o
 .debug_str     0x0000000000000000      0x33b ..\obj\syscalls.o
 .comment       0x0000000000000000       0x44 ..\obj\syscalls.o
 .debug_frame   0x0000000000000000      0x168 ..\obj\syscalls.o
 .ARM.attributes
                0x0000000000000000       0x2e ..\obj\syscalls.o
 .text          0x0000000000000000        0x0 ..\obj\stm32f4xx_exti.o
 .data          0x0000000000000000        0x0 ..\obj\stm32f4xx_exti.o
 .bss           0x0000000000000000        0x0 ..\obj\stm32f4xx_exti.o
 .text.EXTI_DeInit
                0x0000000000000000       0x34 ..\obj\stm32f4xx_exti.o
 .text.EXTI_Init
                0x0000000000000000       0xe4 ..\obj\stm32f4xx_exti.o
 .text.EXTI_StructInit
                0x0000000000000000       0x2a ..\obj\stm32f4xx_exti.o
 .text.EXTI_GenerateSWInterrupt
                0x0000000000000000       0x24 ..\obj\stm32f4xx_exti.o
 .text.EXTI_GetFlagStatus
                0x0000000000000000       0x34 ..\obj\stm32f4xx_exti.o
 .text.EXTI_ClearFlag
                0x0000000000000000       0x1c ..\obj\stm32f4xx_exti.o
 .text.EXTI_GetITStatus
                0x0000000000000000       0x48 ..\obj\stm32f4xx_exti.o
 .text.EXTI_ClearITPendingBit
                0x0000000000000000       0x1c ..\obj\stm32f4xx_exti.o
 .debug_info    0x0000000000000000      0x327 ..\obj\stm32f4xx_exti.o
 .debug_abbrev  0x0000000000000000      0x1d3 ..\obj\stm32f4xx_exti.o
 .debug_aranges
                0x0000000000000000       0x58 ..\obj\stm32f4xx_exti.o
 .debug_rnglists
                0x0000000000000000       0x3e ..\obj\stm32f4xx_exti.o
 .debug_line    0x0000000000000000      0x492 ..\obj\stm32f4xx_exti.o
 .debug_str     0x0000000000000000      0x372 ..\obj\stm32f4xx_exti.o
 .comment       0x0000000000000000       0x44 ..\obj\stm32f4xx_exti.o
 .debug_frame   0x0000000000000000      0x148 ..\obj\stm32f4xx_exti.o
 .ARM.attributes
                0x0000000000000000       0x2e ..\obj\stm32f4xx_exti.o

Memory Configuration

Name             Origin             Length             Attributes
rom              0x0000000008000000 0x0000000000080000 xr
ram              0x0000000020000000 0x0000000000020000 xrw
ram1             0x0000000010000000 0x0000000000010000 xrw
*default*        0x0000000000000000 0xffffffffffffffff

Linker script and memory map

                0x0000000020020000                _eram = 0x20020000

.text           0x0000000008000000      0x4b4
 *(.isr_vector)
 .isr_vector    0x0000000008000000      0x188 ..\obj\startup_stm32f4xx.o
                0x0000000008000000                g_pfnVectors
 *(.text*)
 .text.DAC_Init
                0x0000000008000188       0x64 ..\obj\stm32f4xx_dac.o
                0x0000000008000188                DAC_Init
 .text.DAC_Cmd  0x00000000080001ec       0x48 ..\obj\stm32f4xx_dac.o
                0x00000000080001ec                DAC_Cmd
 .text.DAC_SetChannel1Data
                0x0000000008000234       0x34 ..\obj\stm32f4xx_dac.o
                0x0000000008000234                DAC_SetChannel1Data
 .text.Default_Reset_Handler
                0x0000000008000268       0x5c ..\obj\startup_stm32f4xx.o
                0x0000000008000268                Default_Reset_Handler
                0x0000000008000268                Reset_Handler
 .text.Default_Handler
                0x00000000080002c4        0x6 ..\obj\startup_stm32f4xx.o
                0x00000000080002c4                RTC_Alarm_IRQHandler
                0x00000000080002c4                HASH_RNG_IRQHandler
                0x00000000080002c4                EXTI2_IRQHandler
                0x00000000080002c4                TIM8_CC_IRQHandler
                0x00000000080002c4                DebugMon_Handler
                0x00000000080002c4                TIM1_CC_IRQHandler
                0x00000000080002c4                DMA2_Stream5_IRQHandler
                0x00000000080002c4                HardFault_Handler
                0x00000000080002c4                DMA1_Stream5_IRQHandler
                0x00000000080002c4                SysTick_Handler
                0x00000000080002c4                PVD_IRQHandler
                0x00000000080002c4                SDIO_IRQHandler
                0x00000000080002c4                TAMP_STAMP_IRQHandler
                0x00000000080002c4                PendSV_Handler
                0x00000000080002c4                NMI_Handler
                0x00000000080002c4                CAN2_RX1_IRQHandler
                0x00000000080002c4                EXTI3_IRQHandler
                0x00000000080002c4                TIM8_TRG_COM_TIM14_IRQHandler
                0x00000000080002c4                TIM1_UP_TIM10_IRQHandler
                0x00000000080002c4                TIM8_UP_TIM13_IRQHandler
                0x00000000080002c4                I2C3_ER_IRQHandler
                0x00000000080002c4                EXTI0_IRQHandler
                0x00000000080002c4                I2C2_EV_IRQHandler
                0x00000000080002c4                DMA1_Stream2_IRQHandler
                0x00000000080002c4                CAN1_RX0_IRQHandler
                0x00000000080002c4                FPU_IRQHandler
                0x00000000080002c4                OTG_HS_WKUP_IRQHandler
                0x00000000080002c4                UsageFault_Handler
                0x00000000080002c4                CAN2_SCE_IRQHandler
                0x00000000080002c4                DMA2_Stream2_IRQHandler
                0x00000000080002c4                SPI1_IRQHandler
                0x00000000080002c4                TIM6_DAC_IRQHandler
                0x00000000080002c4                TIM1_BRK_TIM9_IRQHandler
                0x00000000080002c4                DCMI_IRQHandler
                0x00000000080002c4                CAN2_RX0_IRQHandler
                0x00000000080002c4                DMA2_Stream3_IRQHandler
                0x00000000080002c4                USART6_IRQHandler
                0x00000000080002c4                USART3_IRQHandler
                0x00000000080002c4                CRYP_IRQHandler
                0x00000000080002c4                CAN1_RX1_IRQHandler
                0x00000000080002c4                UART5_IRQHandler
                0x00000000080002c4                DMA2_Stream0_IRQHandler
                0x00000000080002c4                TIM4_IRQHandler
                0x00000000080002c4                I2C1_EV_IRQHandler
                0x00000000080002c4                DMA1_Stream6_IRQHandler
                0x00000000080002c4                DMA1_Stream1_IRQHandler
                0x00000000080002c4                UART4_IRQHandler
                0x00000000080002c4                TIM3_IRQHandler
                0x00000000080002c4                RCC_IRQHandler
                0x00000000080002c4                TIM8_BRK_TIM12_IRQHandler
                0x00000000080002c4                EXTI15_10_IRQHandler
                0x00000000080002c4                ADC_IRQHandler
                0x00000000080002c4                DMA1_Stream7_IRQHandler
                0x00000000080002c4                TIM7_IRQHandler
                0x00000000080002c4                CAN2_TX_IRQHandler
                0x00000000080002c4                TIM5_IRQHandler
                0x00000000080002c4                DMA2_Stream7_IRQHandler
                0x00000000080002c4                I2C3_EV_IRQHandler
                0x00000000080002c4                EXTI9_5_IRQHandler
                0x00000000080002c4                RTC_WKUP_IRQHandler
                0x00000000080002c4                ETH_WKUP_IRQHandler
                0x00000000080002c4                SPI2_IRQHandler
                0x00000000080002c4                OTG_HS_EP1_IN_IRQHandler
                0x00000000080002c4                MemManage_Handler
                0x00000000080002c4                DMA1_Stream0_IRQHandler
                0x00000000080002c4                CAN1_TX_IRQHandler
                0x00000000080002c4                SVC_Handler
                0x00000000080002c4                EXTI4_IRQHandler
                0x00000000080002c4                FSMC_IRQHandler
                0x00000000080002c4                ETH_IRQHandler
                0x00000000080002c4                OTG_HS_EP1_OUT_IRQHandler
                0x00000000080002c4                WWDG_IRQHandler
                0x00000000080002c4                TIM2_IRQHandler
                0x00000000080002c4                OTG_FS_WKUP_IRQHandler
                0x00000000080002c4                TIM1_TRG_COM_TIM11_IRQHandler
                0x00000000080002c4                OTG_HS_IRQHandler
                0x00000000080002c4                EXTI1_IRQHandler
                0x00000000080002c4                USART2_IRQHandler
                0x00000000080002c4                I2C2_ER_IRQHandler
                0x00000000080002c4                DMA2_Stream1_IRQHandler
                0x00000000080002c4                CAN1_SCE_IRQHandler
                0x00000000080002c4                FLASH_IRQHandler
                0x00000000080002c4                DMA2_Stream4_IRQHandler
                0x00000000080002c4                BusFault_Handler
                0x00000000080002c4                USART1_IRQHandler
                0x00000000080002c4                OTG_FS_IRQHandler
                0x00000000080002c4                SPI3_IRQHandler
                0x00000000080002c4                DMA1_Stream4_IRQHandler
                0x00000000080002c4                I2C1_ER_IRQHandler
                0x00000000080002c4                DMA2_Stream6_IRQHandler
                0x00000000080002c4                DMA1_Stream3_IRQHandler
 *fill*         0x00000000080002ca        0x2 
 .text.DAC_Config
                0x00000000080002cc       0x64 ..\obj\main.o
                0x00000000080002cc                DAC_Config
 .text.main     0x0000000008000330       0x2c ..\obj\main.o
                0x0000000008000330                main
 .text.RCC_APB1PeriphClockCmd
                0x000000000800035c       0x3c ..\obj\stm32f4xx_rcc.o
                0x000000000800035c                RCC_APB1PeriphClockCmd
 .text.GPIO_Init
                0x0000000008000398      0x11c ..\obj\stm32f4xx_gpio.o
                0x0000000008000398                GPIO_Init
 *(.init)
 *(.fini)
 *crtbegin.o(.ctors)
 *crtbegin?.o(.ctors)
 *(EXCLUDE_FILE(*crtend.o *crtend?.o) .ctors)
 *(SORT_BY_NAME(.ctors.*))
 *(.ctors)
 *crtbegin.o(.dtors)
 *crtbegin?.o(.dtors)
 *(EXCLUDE_FILE(*crtend.o *crtend?.o) .dtors)
 *(SORT_BY_NAME(.dtors.*))
 *(.dtors)
 *(.rodata*)
 *(.eh_fram e*)

.glue_7         0x00000000080004b4        0x0
 .glue_7        0x00000000080004b4        0x0 linker stubs

.glue_7t        0x00000000080004b4        0x0
 .glue_7t       0x00000000080004b4        0x0 linker stubs

.vfp11_veneer   0x00000000080004b4        0x0
 .vfp11_veneer  0x00000000080004b4        0x0 linker stubs

.v4_bx          0x00000000080004b4        0x0
 .v4_bx         0x00000000080004b4        0x0 linker stubs

.iplt           0x00000000080004b4        0x0
 .iplt          0x00000000080004b4        0x0 ..\obj\startup_stm32f4xx.o

.rel.dyn        0x00000000080004b4        0x0
 .rel.iplt      0x00000000080004b4        0x0 ..\obj\startup_stm32f4xx.o

.ARM.extab
 *(.ARM.extab* .gnu.linkonce.armextab.*)
                0x00000000080004b4                __exidx_start = .

.ARM.exidx
 *(.ARM.exidx* .gnu.linkonce.armexidx.*)
                0x00000000080004b4                __exidx_end = .
                0x00000000080004b4                __etext = .
                0x00000000080004b4                _sidata = __etext

.data           0x0000000020000000        0x0 load address 0x00000000080004b4
                0x0000000020000000                __data_start__ = .
                0x0000000020000000                _sdata = __data_start__
 *(vtable)
 *(.data*)
                0x0000000020000000                . = ALIGN (0x4)
                [!provide]                        PROVIDE (__preinit_array_start = .)
 *(.preinit_array)
                [!provide]                        PROVIDE (__preinit_array_end = .)
                0x0000000020000000                . = ALIGN (0x4)
                [!provide]                        PROVIDE (__init_array_start = .)
 *(SORT_BY_NAME(.init_array.*))
 *(.init_array)
                [!provide]                        PROVIDE (__init_array_end = .)
                0x0000000020000000                . = ALIGN (0x4)
                [!provide]                        PROVIDE (__fini_array_start = .)
 *(SORT_BY_NAME(.fini_array.*))
 *(.fini_array)
                [!provide]                        PROVIDE (__fini_array_end = .)
 *(.jcr*)
                0x0000000020000000                . = ALIGN (0x4)
                0x0000000020000000                __data_end__ = .
                0x0000000020000000                _edata = __data_end__

.igot.plt       0x0000000020000000        0x0
 .igot.plt      0x0000000020000000        0x0 ..\obj\startup_stm32f4xx.o

.bss            0x0000000020000000        0x0
                0x0000000020000000                . = ALIGN (0x4)
                0x0000000020000000                __bss_start__ = .
                0x0000000020000000                _sbss = __bss_start__
 *(.bss*)
 *(COMMON)
                0x0000000020000000                . = ALIGN (0x4)
                0x0000000020000000                __bss_end__ = .
                0x0000000020000000                _ebss = __bss_end__

.heap           0x0000000020000000        0x0
                0x0000000020000000                __end__ = .
                0x0000000020000000                _end = __end__
                0x0000000020000000                end = __end__
 *(.heap*)
                0x0000000020000000                __HeapLimit = .

.co_stack       0x0000000020000000      0x800
                0x0000000020000000                . = ALIGN (0x8)
 *(.co_stack .co_stack.*)
 .co_stack      0x0000000020000000      0x800 ..\obj\startup_stm32f4xx.o
                0x0000000020000000                pulStack
                0x0000000020020000                __StackTop = (ORIGIN (ram) + LENGTH (ram))
                0x000000002001f800                __StackLimit = (__StackTop - SIZEOF (.co_stack))
                [!provide]                        PROVIDE (__stack = __StackTop)
                0x0000000000000001                ASSERT ((__StackLimit >= __HeapLimit), region ram  overflowed with stack)
LOAD ..\obj\stm32f4xx_dac.o
LOAD ..\obj\startup_stm32f4xx.o
LOAD ..\obj\main.o
LOAD ..\obj\stm32f4xx_rcc.o
LOAD ..\obj\stm32f4xx_gpio.o
LOAD ..\obj\system_stm32f4xx.o
LOAD ..\obj\syscalls.o
LOAD ..\obj\stm32f4xx_exti.o
START GROUP
LOAD C:/ST/STM32CubeIDE_1.13.1/STM32CubeIDE/plugins/com.st.stm32cube.ide.mcu.externaltools.gnu-tools-for-stm32.11.3.rel1.win32_1.1.0.202305231506/tools/bin/../lib/gcc/arm-none-eabi/11.3.1/thumb/v7e-m/nofp\libgcc.a
LOAD C:/ST/STM32CubeIDE_1.13.1/STM32CubeIDE/plugins/com.st.stm32cube.ide.mcu.externaltools.gnu-tools-for-stm32.11.3.rel1.win32_1.1.0.202305231506/tools/bin/../lib/gcc/arm-none-eabi/11.3.1/../../../../arm-none-eabi/lib/thumb/v7e-m/nofp\libg.a
LOAD C:/ST/STM32CubeIDE_1.13.1/STM32CubeIDE/plugins/com.st.stm32cube.ide.mcu.externaltools.gnu-tools-for-stm32.11.3.rel1.win32_1.1.0.202305231506/tools/bin/../lib/gcc/arm-none-eabi/11.3.1/../../../../arm-none-eabi/lib/thumb/v7e-m/nofp\libc.a
END GROUP
OUTPUT(DACDiscobery.elf elf32-littlearm)
LOAD linker stubs

.debug_info     0x0000000000000000     0x1cb5
 .debug_info    0x0000000000000000      0x618 ..\obj\stm32f4xx_dac.o
 .debug_info    0x0000000000000618       0xfd ..\obj\startup_stm32f4xx.o
 .debug_info    0x0000000000000715      0x3a0 ..\obj\main.o
 .debug_info    0x0000000000000ab5      0xbfb ..\obj\stm32f4xx_rcc.o
 .debug_info    0x00000000000016b0      0x605 ..\obj\stm32f4xx_gpio.o

.debug_abbrev   0x0000000000000000      0x7fc
 .debug_abbrev  0x0000000000000000      0x1c0 ..\obj\stm32f4xx_dac.o
 .debug_abbrev  0x00000000000001c0       0xe4 ..\obj\startup_stm32f4xx.o
 .debug_abbrev  0x00000000000002a4      0x161 ..\obj\main.o
 .debug_abbrev  0x0000000000000405      0x20b ..\obj\stm32f4xx_rcc.o
 .debug_abbrev  0x0000000000000610      0x1ec ..\obj\stm32f4xx_gpio.o

.debug_aranges  0x0000000000000000      0x2f0
 .debug_aranges
                0x0000000000000000       0xa0 ..\obj\stm32f4xx_dac.o
 .debug_aranges
                0x00000000000000a0       0x28 ..\obj\startup_stm32f4xx.o
 .debug_aranges
                0x00000000000000c8       0x28 ..\obj\main.o
 .debug_aranges
                0x00000000000000f0      0x178 ..\obj\stm32f4xx_rcc.o
 .debug_aranges
                0x0000000000000268       0x88 ..\obj\stm32f4xx_gpio.o

.debug_rnglists
                0x0000000000000000      0x21f
 .debug_rnglists
                0x0000000000000000       0x73 ..\obj\stm32f4xx_dac.o
 .debug_rnglists
                0x0000000000000073       0x19 ..\obj\startup_stm32f4xx.o
 .debug_rnglists
                0x000000000000008c       0x19 ..\obj\main.o
 .debug_rnglists
                0x00000000000000a5      0x116 ..\obj\stm32f4xx_rcc.o
 .debug_rnglists
                0x00000000000001bb       0x64 ..\obj\stm32f4xx_gpio.o

.debug_line     0x0000000000000000     0x1a7d
 .debug_line    0x0000000000000000      0x5f4 ..\obj\stm32f4xx_dac.o
 .debug_line    0x00000000000005f4       0xc8 ..\obj\startup_stm32f4xx.o
 .debug_line    0x00000000000006bc      0x35b ..\obj\main.o
 .debug_line    0x0000000000000a17      0xa60 ..\obj\stm32f4xx_rcc.o
 .debug_line    0x0000000000001477      0x606 ..\obj\stm32f4xx_gpio.o

.debug_str      0x0000000000000000      0xee2
 .debug_str     0x0000000000000000      0x411 ..\obj\stm32f4xx_dac.o
                                        0x483 (size before relaxing)
 .debug_str     0x0000000000000411       0xbe ..\obj\startup_stm32f4xx.o
                                        0x191 (size before relaxing)
 .debug_str     0x00000000000004cf      0x214 ..\obj\main.o
                                        0x41e (size before relaxing)
 .debug_str     0x00000000000006e3      0x65d ..\obj\stm32f4xx_rcc.o
                                        0x869 (size before relaxing)
 .debug_str     0x0000000000000d40      0x1a2 ..\obj\stm32f4xx_gpio.o
                                        0x4e3 (size before relaxing)

.comment        0x0000000000000000       0x43
 .comment       0x0000000000000000       0x43 ..\obj\stm32f4xx_dac.o
                                         0x44 (size before relaxing)
 .comment       0x0000000000000043       0x44 ..\obj\startup_stm32f4xx.o
 .comment       0x0000000000000043       0x44 ..\obj\main.o
 .comment       0x0000000000000043       0x44 ..\obj\stm32f4xx_rcc.o
 .comment       0x0000000000000043       0x44 ..\obj\stm32f4xx_gpio.o

.ARM.attributes
                0x0000000000000000       0x2e
 .ARM.attributes
                0x0000000000000000       0x2e ..\obj\stm32f4xx_dac.o
 .ARM.attributes
                0x000000000000002e       0x2e ..\obj\startup_stm32f4xx.o
 .ARM.attributes
                0x000000000000005c       0x2e ..\obj\main.o
 .ARM.attributes
                0x000000000000008a       0x2e ..\obj\stm32f4xx_rcc.o
 .ARM.attributes
                0x00000000000000b8       0x2e ..\obj\stm32f4xx_gpio.o

.debug_frame    0x0000000000000000      0xc5c
 .debug_frame   0x0000000000000000      0x2ac ..\obj\stm32f4xx_dac.o
 .debug_frame   0x00000000000002ac       0x4c ..\obj\startup_stm32f4xx.o
 .debug_frame   0x00000000000002f8       0x54 ..\obj\main.o
 .debug_frame   0x000000000000034c      0x6d4 ..\obj\stm32f4xx_rcc.o
 .debug_frame   0x0000000000000a20      0x23c ..\obj\stm32f4xx_gpio.o
