
Discarded input sections

 .text          0x0000000000000000        0x0 ..\obj\system_stm32f10x.o
 .data          0x0000000000000000       0x14 ..\obj\system_stm32f10x.o
 .bss           0x0000000000000000        0x0 ..\obj\system_stm32f10x.o
 .text.SystemCoreClockUpdate
                0x0000000000000000       0xe4 ..\obj\system_stm32f10x.o
 .text          0x0000000000000000        0x0 ..\obj\startup_stm32f10x_md.o
 .data          0x0000000000000000        0x0 ..\obj\startup_stm32f10x_md.o
 .bss           0x0000000000000000        0x0 ..\obj\startup_stm32f10x_md.o
 .text          0x0000000000000000        0x0 ..\obj\stm32f10x_gpio.o
 .data          0x0000000000000000        0x0 ..\obj\stm32f10x_gpio.o
 .bss           0x0000000000000000        0x0 ..\obj\stm32f10x_gpio.o
 .text.GPIO_DeInit
                0x0000000000000000       0xe4 ..\obj\stm32f10x_gpio.o
 .text.GPIO_AFIODeInit
                0x0000000000000000       0x18 ..\obj\stm32f10x_gpio.o
 .text.GPIO_StructInit
                0x0000000000000000       0x26 ..\obj\stm32f10x_gpio.o
 .text.GPIO_ReadInputData
                0x0000000000000000       0x18 ..\obj\stm32f10x_gpio.o
 .text.GPIO_ReadOutputDataBit
                0x0000000000000000       0x32 ..\obj\stm32f10x_gpio.o
 .text.GPIO_ReadOutputData
                0x0000000000000000       0x18 ..\obj\stm32f10x_gpio.o
 .text.GPIO_WriteBit
                0x0000000000000000       0x2e ..\obj\stm32f10x_gpio.o
 .text.GPIO_Write
                0x0000000000000000       0x1c ..\obj\stm32f10x_gpio.o
 .text.GPIO_PinLockConfig
                0x0000000000000000       0x42 ..\obj\stm32f10x_gpio.o
 .text.GPIO_EventOutputConfig
                0x0000000000000000       0x4c ..\obj\stm32f10x_gpio.o
 .text.GPIO_EventOutputCmd
                0x0000000000000000       0x20 ..\obj\stm32f10x_gpio.o
 .text.GPIO_PinRemapConfig
                0x0000000000000000       0xe0 ..\obj\stm32f10x_gpio.o
 .text.GPIO_EXTILineConfig
                0x0000000000000000       0x80 ..\obj\stm32f10x_gpio.o
 .text.GPIO_ETH_MediaInterfaceConfig
                0x0000000000000000       0x1c ..\obj\stm32f10x_gpio.o
 .text          0x0000000000000000        0x0 ..\obj\main.o
 .data          0x0000000000000000        0x0 ..\obj\main.o
 .bss           0x0000000000000000        0x0 ..\obj\main.o
 .text          0x0000000000000000        0x0 ..\obj\stm32f10x_rcc.o
 .data          0x0000000000000000       0x14 ..\obj\stm32f10x_rcc.o
 .bss           0x0000000000000000        0x0 ..\obj\stm32f10x_rcc.o
 .text.RCC_DeInit
                0x0000000000000000       0x5c ..\obj\stm32f10x_rcc.o
 .text.RCC_HSEConfig
                0x0000000000000000       0x5c ..\obj\stm32f10x_rcc.o
 .text.RCC_WaitForHSEStartUp
                0x0000000000000000       0x50 ..\obj\stm32f10x_rcc.o
 .text.RCC_AdjustHSICalibrationValue
                0x0000000000000000       0x3c ..\obj\stm32f10x_rcc.o
 .text.RCC_HSICmd
                0x0000000000000000       0x20 ..\obj\stm32f10x_rcc.o
 .text.RCC_PLLConfig
                0x0000000000000000       0x3c ..\obj\stm32f10x_rcc.o
 .text.RCC_PLLCmd
                0x0000000000000000       0x20 ..\obj\stm32f10x_rcc.o
 .text.RCC_SYSCLKConfig
                0x0000000000000000       0x38 ..\obj\stm32f10x_rcc.o
 .text.RCC_GetSYSCLKSource
                0x0000000000000000       0x1c ..\obj\stm32f10x_rcc.o
 .text.RCC_HCLKConfig
                0x0000000000000000       0x38 ..\obj\stm32f10x_rcc.o
 .text.RCC_PCLK1Config
                0x0000000000000000       0x38 ..\obj\stm32f10x_rcc.o
 .text.RCC_PCLK2Config
                0x0000000000000000       0x38 ..\obj\stm32f10x_rcc.o
 .text.RCC_ITConfig
                0x0000000000000000       0x4c ..\obj\stm32f10x_rcc.o
 .text.RCC_USBCLKConfig
                0x0000000000000000       0x1c ..\obj\stm32f10x_rcc.o
 .text.RCC_ADCCLKConfig
                0x0000000000000000       0x38 ..\obj\stm32f10x_rcc.o
 .text.RCC_LSEConfig
                0x0000000000000000       0x40 ..\obj\stm32f10x_rcc.o
 .text.RCC_LSICmd
                0x0000000000000000       0x20 ..\obj\stm32f10x_rcc.o
 .text.RCC_RTCCLKConfig
                0x0000000000000000       0x24 ..\obj\stm32f10x_rcc.o
 .text.RCC_RTCCLKCmd
                0x0000000000000000       0x20 ..\obj\stm32f10x_rcc.o
 .text.RCC_GetClocksFreq
                0x0000000000000000      0x16c ..\obj\stm32f10x_rcc.o
 .text.RCC_AHBPeriphClockCmd
                0x0000000000000000       0x3c ..\obj\stm32f10x_rcc.o
 .text.RCC_APB1PeriphClockCmd
                0x0000000000000000       0x3c ..\obj\stm32f10x_rcc.o
 .text.RCC_APB2PeriphResetCmd
                0x0000000000000000       0x3c ..\obj\stm32f10x_rcc.o
 .text.RCC_APB1PeriphResetCmd
                0x0000000000000000       0x3c ..\obj\stm32f10x_rcc.o
 .text.RCC_BackupResetCmd
                0x0000000000000000       0x20 ..\obj\stm32f10x_rcc.o
 .text.RCC_ClockSecuritySystemCmd
                0x0000000000000000       0x20 ..\obj\stm32f10x_rcc.o
 .text.RCC_MCOConfig
                0x0000000000000000       0x20 ..\obj\stm32f10x_rcc.o
 .text.RCC_GetFlagStatus
                0x0000000000000000       0x74 ..\obj\stm32f10x_rcc.o
 .text.RCC_ClearFlag
                0x0000000000000000       0x1c ..\obj\stm32f10x_rcc.o
 .text.RCC_GetITStatus
                0x0000000000000000       0x34 ..\obj\stm32f10x_rcc.o
 .text.RCC_ClearITPendingBit
                0x0000000000000000       0x20 ..\obj\stm32f10x_rcc.o
 .text          0x0000000000000000        0x0 ..\obj\syscalls.o
 .data          0x0000000000000000        0x0 ..\obj\syscalls.o
 .bss           0x0000000000000000        0x4 ..\obj\syscalls.o
 .text._sbrk    0x0000000000000000       0x3c ..\obj\syscalls.o
 .text.link     0x0000000000000000       0x18 ..\obj\syscalls.o
 .text._close   0x0000000000000000       0x16 ..\obj\syscalls.o
 .text._fstat   0x0000000000000000       0x1e ..\obj\syscalls.o
 .text._isatty  0x0000000000000000       0x14 ..\obj\syscalls.o
 .text._lseek   0x0000000000000000       0x18 ..\obj\syscalls.o
 .text._read    0x0000000000000000       0x18 ..\obj\syscalls.o
 .text._write   0x0000000000000000       0x18 ..\obj\syscalls.o
 .text.abort    0x0000000000000000        0x6 ..\obj\syscalls.o
 .debug_info    0x0000000000000000      0x49e ..\obj\syscalls.o
 .debug_abbrev  0x0000000000000000      0x113 ..\obj\syscalls.o
 .debug_aranges
                0x0000000000000000       0x60 ..\obj\syscalls.o
 .debug_ranges  0x0000000000000000       0x50 ..\obj\syscalls.o
 .debug_line    0x0000000000000000      0x2f2 ..\obj\syscalls.o
 .debug_str     0x0000000000000000      0x31c ..\obj\syscalls.o
 .comment       0x0000000000000000       0x51 ..\obj\syscalls.o
 .debug_frame   0x0000000000000000      0x168 ..\obj\syscalls.o
 .ARM.attributes
                0x0000000000000000       0x2d ..\obj\syscalls.o

Memory Configuration

Name             Origin             Length             Attributes
rom              0x0000000008000000 0x0000000000010000 xr
ram              0x0000000020000000 0x0000000000005000 xrw
*default*        0x0000000000000000 0xffffffffffffffff

Linker script and memory map

                0x0000000020005000                _eram = 0x20005000

.text           0x0000000008000000      0x578
 *(.isr_vector)
 .isr_vector    0x0000000008000000      0x10c ..\obj\startup_stm32f10x_md.o
                0x0000000008000000                g_pfnVectors
 *(.text*)
 .text.SystemInit
                0x000000000800010c       0x68 ..\obj\system_stm32f10x.o
                0x000000000800010c                SystemInit
 .text.SetSysClock
                0x0000000008000174        0xc ..\obj\system_stm32f10x.o
 .text.SetSysClockTo72
                0x0000000008000180      0x100 ..\obj\system_stm32f10x.o
 .text.Default_Reset_Handler
                0x0000000008000280       0x60 ..\obj\startup_stm32f10x_md.o
                0x0000000008000280                Default_Reset_Handler
                0x0000000008000280                Reset_Handler
 .text.Default_Handler
                0x00000000080002e0        0x6 ..\obj\startup_stm32f10x_md.o
                0x00000000080002e0                EXTI2_IRQHandler
                0x00000000080002e0                DebugMon_Handler
                0x00000000080002e0                TIM1_CC_IRQHandler
                0x00000000080002e0                HardFault_Handler
                0x00000000080002e0                SysTick_Handler
                0x00000000080002e0                PVD_IRQHandler
                0x00000000080002e0                PendSV_Handler
                0x00000000080002e0                NMI_Handler
                0x00000000080002e0                EXTI3_IRQHandler
                0x00000000080002e0                EXTI0_IRQHandler
                0x00000000080002e0                I2C2_EV_IRQHandler
                0x00000000080002e0                UsageFault_Handler
                0x00000000080002e0                ADC1_2_IRQHandler
                0x00000000080002e0                SPI1_IRQHandler
                0x00000000080002e0                TAMPER_IRQHandler
                0x00000000080002e0                DMA1_Channel4_IRQHandler
                0x00000000080002e0                USART3_IRQHandler
                0x00000000080002e0                RTC_IRQHandler
                0x00000000080002e0                DMA1_Channel7_IRQHandler
                0x00000000080002e0                CAN1_RX1_IRQHandler
                0x00000000080002e0                TIM4_IRQHandler
                0x00000000080002e0                I2C1_EV_IRQHandler
                0x00000000080002e0                DMA1_Channel6_IRQHandler
                0x00000000080002e0                TIM3_IRQHandler
                0x00000000080002e0                RCC_IRQHandler
                0x00000000080002e0                TIM1_TRG_COM_IRQHandler
                0x00000000080002e0                DMA1_Channel1_IRQHandler
                0x00000000080002e0                EXTI15_10_IRQHandler
                0x00000000080002e0                EXTI9_5_IRQHandler
                0x00000000080002e0                SPI2_IRQHandler
                0x00000000080002e0                MemManage_Handler
                0x00000000080002e0                SVC_Handler
                0x00000000080002e0                DMA1_Channel5_IRQHandler
                0x00000000080002e0                EXTI4_IRQHandler
                0x00000000080002e0                USB_LP_CAN1_RX0_IRQHandler
                0x00000000080002e0                USB_HP_CAN1_TX_IRQHandler
                0x00000000080002e0                DMA1_Channel3_IRQHandler
                0x00000000080002e0                TIM1_UP_IRQHandler
                0x00000000080002e0                WWDG_IRQHandler
                0x00000000080002e0                TIM2_IRQHandler
                0x00000000080002e0                TIM1_BRK_IRQHandler
                0x00000000080002e0                EXTI1_IRQHandler
                0x00000000080002e0                RTCAlarm_IRQHandler
                0x00000000080002e0                USART2_IRQHandler
                0x00000000080002e0                I2C2_ER_IRQHandler
                0x00000000080002e0                DMA1_Channel2_IRQHandler
                0x00000000080002e0                CAN1_SCE_IRQHandler
                0x00000000080002e0                FLASH_IRQHandler
                0x00000000080002e0                BusFault_Handler
                0x00000000080002e0                USART1_IRQHandler
                0x00000000080002e0                I2C1_ER_IRQHandler
                0x00000000080002e0                USBWakeUp_IRQHandler
 .text.GPIO_Init
                0x00000000080002e6      0x178 ..\obj\stm32f10x_gpio.o
                0x00000000080002e6                GPIO_Init
 .text.GPIO_ReadInputDataBit
                0x000000000800045e       0x32 ..\obj\stm32f10x_gpio.o
                0x000000000800045e                GPIO_ReadInputDataBit
 .text.GPIO_SetBits
                0x0000000008000490       0x1c ..\obj\stm32f10x_gpio.o
                0x0000000008000490                GPIO_SetBits
 .text.GPIO_ResetBits
                0x00000000080004ac       0x1c ..\obj\stm32f10x_gpio.o
                0x00000000080004ac                GPIO_ResetBits
 .text.main     0x00000000080004c8       0x74 ..\obj\main.o
                0x00000000080004c8                main
 .text.RCC_APB2PeriphClockCmd
                0x000000000800053c       0x3c ..\obj\stm32f10x_rcc.o
                0x000000000800053c                RCC_APB2PeriphClockCmd
 *(.init)
 *(.fini)
 *crtbegin.o(.ctors)
 *crtbegin?.o(.ctors)
 *(EXCLUDE_FILE(*crtend.o *crtend?.o) .ctors)
 *(SORT_BY_NAME(.ctors.*))
 *(.ctors)
 *crtbegin.o(.dtors)
 *crtbegin?.o(.dtors)
 *(EXCLUDE_FILE(*crtend.o *crtend?.o) .dtors)
 *(SORT_BY_NAME(.dtors.*))
 *(.dtors)
 *(.rodata*)
 *(.eh_fram e*)

.glue_7         0x0000000008000578        0x0
 .glue_7        0x0000000008000578        0x0 linker stubs

.glue_7t        0x0000000008000578        0x0
 .glue_7t       0x0000000008000578        0x0 linker stubs

.vfp11_veneer   0x0000000008000578        0x0
 .vfp11_veneer  0x0000000008000578        0x0 linker stubs

.v4_bx          0x0000000008000578        0x0
 .v4_bx         0x0000000008000578        0x0 linker stubs

.iplt           0x0000000008000578        0x0
 .iplt          0x0000000008000578        0x0 ..\obj\system_stm32f10x.o

.rel.dyn        0x0000000008000578        0x0
 .rel.iplt      0x0000000008000578        0x0 ..\obj\system_stm32f10x.o

.ARM.extab
 *(.ARM.extab* .gnu.linkonce.armextab.*)
                0x0000000008000578                __exidx_start = .

.ARM.exidx
 *(.ARM.exidx* .gnu.linkonce.armexidx.*)
                0x0000000008000578                __exidx_end = .
                0x0000000008000578                __etext = .
                0x0000000008000578                _sidata = __etext

.data           0x0000000020000000        0x0 load address 0x0000000008000578
                0x0000000020000000                __data_start__ = .
                0x0000000020000000                _sdata = __data_start__
 *(vtable)
 *(.data*)
                0x0000000020000000                . = ALIGN (0x4)
                [!provide]                        PROVIDE (__preinit_array_start = .)
 *(.preinit_array)
                [!provide]                        PROVIDE (__preinit_array_end = .)
                0x0000000020000000                . = ALIGN (0x4)
                [!provide]                        PROVIDE (__init_array_start = .)
 *(SORT_BY_NAME(.init_array.*))
 *(.init_array)
                [!provide]                        PROVIDE (__init_array_end = .)
                0x0000000020000000                . = ALIGN (0x4)
                [!provide]                        PROVIDE (__fini_array_start = .)
 *(SORT_BY_NAME(.fini_array.*))
 *(.fini_array)
                [!provide]                        PROVIDE (__fini_array_end = .)
 *(.jcr*)
                0x0000000020000000                . = ALIGN (0x4)
                0x0000000020000000                __data_end__ = .
                0x0000000020000000                _edata = __data_end__

.igot.plt       0x0000000020000000        0x0
 .igot.plt      0x0000000020000000        0x0 ..\obj\system_stm32f10x.o

.bss            0x0000000020000000        0x0
                0x0000000020000000                . = ALIGN (0x4)
                0x0000000020000000                __bss_start__ = .
                0x0000000020000000                _sbss = __bss_start__
 *(.bss*)
 *(COMMON)
                0x0000000020000000                . = ALIGN (0x4)
                0x0000000020000000                __bss_end__ = .
                0x0000000020000000                _ebss = __bss_end__

.heap           0x0000000020000000        0x0
                0x0000000020000000                __end__ = .
                0x0000000020000000                _end = __end__
                0x0000000020000000                end = __end__
 *(.heap*)
                0x0000000020000000                __HeapLimit = .

.co_stack       0x0000000020000000      0x400
                0x0000000020000000                . = ALIGN (0x8)
 *(.co_stack .co_stack.*)
 .co_stack      0x0000000020000000      0x400 ..\obj\startup_stm32f10x_md.o
                0x0000000020000000                pulStack
                0x0000000020005000                __StackTop = (ORIGIN (ram) + LENGTH (ram))
                0x0000000020004c00                __StackLimit = (__StackTop - SIZEOF (.co_stack))
                [!provide]                        PROVIDE (__stack = __StackTop)
                0x0000000000000001                ASSERT ((__StackLimit >= __HeapLimit), region ram  overflowed with stack)
LOAD ..\obj\system_stm32f10x.o
LOAD ..\obj\startup_stm32f10x_md.o
LOAD ..\obj\stm32f10x_gpio.o
LOAD ..\obj\main.o
LOAD ..\obj\stm32f10x_rcc.o
LOAD ..\obj\syscalls.o
START GROUP
LOAD c:/st/stm32cubeide_1.10.1/stm32cubeide/plugins/com.st.stm32cube.ide.mcu.externaltools.gnu-tools-for-stm32.10.3-2021.10.win32_1.0.0.202111181127/tools/bin/../lib/gcc/arm-none-eabi/10.3.1/thumb/v7-m/nofp\libgcc.a
LOAD c:/st/stm32cubeide_1.10.1/stm32cubeide/plugins/com.st.stm32cube.ide.mcu.externaltools.gnu-tools-for-stm32.10.3-2021.10.win32_1.0.0.202111181127/tools/bin/../lib/gcc/arm-none-eabi/10.3.1/../../../../arm-none-eabi/lib/thumb/v7-m/nofp\libg.a
LOAD c:/st/stm32cubeide_1.10.1/stm32cubeide/plugins/com.st.stm32cube.ide.mcu.externaltools.gnu-tools-for-stm32.10.3-2021.10.win32_1.0.0.202111181127/tools/bin/../lib/gcc/arm-none-eabi/10.3.1/../../../../arm-none-eabi/lib/thumb/v7-m/nofp\libc.a
END GROUP
OUTPUT(BotonLed.elf elf32-littlearm)
LOAD linker stubs

.debug_info     0x0000000000000000     0x18c4
 .debug_info    0x0000000000000000      0x4b6 ..\obj\system_stm32f10x.o
 .debug_info    0x00000000000004b6      0x116 ..\obj\startup_stm32f10x_md.o
 .debug_info    0x00000000000005cc      0x746 ..\obj\stm32f10x_gpio.o
 .debug_info    0x0000000000000d12      0x2bf ..\obj\main.o
 .debug_info    0x0000000000000fd1      0x8f3 ..\obj\stm32f10x_rcc.o

.debug_abbrev   0x0000000000000000      0x773
 .debug_abbrev  0x0000000000000000      0x17d ..\obj\system_stm32f10x.o
 .debug_abbrev  0x000000000000017d       0xe6 ..\obj\startup_stm32f10x_md.o
 .debug_abbrev  0x0000000000000263      0x205 ..\obj\stm32f10x_gpio.o
 .debug_abbrev  0x0000000000000468      0x138 ..\obj\main.o
 .debug_abbrev  0x00000000000005a0      0x1d3 ..\obj\stm32f10x_rcc.o

.debug_aranges  0x0000000000000000      0x240
 .debug_aranges
                0x0000000000000000       0x38 ..\obj\system_stm32f10x.o
 .debug_aranges
                0x0000000000000038       0x28 ..\obj\startup_stm32f10x_md.o
 .debug_aranges
                0x0000000000000060       0xa8 ..\obj\stm32f10x_gpio.o
 .debug_aranges
                0x0000000000000108       0x20 ..\obj\main.o
 .debug_aranges
                0x0000000000000128      0x118 ..\obj\stm32f10x_rcc.o

.debug_ranges   0x0000000000000000      0x1f0
 .debug_ranges  0x0000000000000000       0x28 ..\obj\system_stm32f10x.o
 .debug_ranges  0x0000000000000028       0x18 ..\obj\startup_stm32f10x_md.o
 .debug_ranges  0x0000000000000040       0x98 ..\obj\stm32f10x_gpio.o
 .debug_ranges  0x00000000000000d8       0x10 ..\obj\main.o
 .debug_ranges  0x00000000000000e8      0x108 ..\obj\stm32f10x_rcc.o

.debug_line     0x0000000000000000     0x153a
 .debug_line    0x0000000000000000      0x3c4 ..\obj\system_stm32f10x.o
 .debug_line    0x00000000000003c4       0xb8 ..\obj\startup_stm32f10x_md.o
 .debug_line    0x000000000000047c      0x653 ..\obj\stm32f10x_gpio.o
 .debug_line    0x0000000000000acf      0x290 ..\obj\main.o
 .debug_line    0x0000000000000d5f      0x7db ..\obj\stm32f10x_rcc.o

.debug_str      0x0000000000000000      0xb06
 .debug_str     0x0000000000000000      0x28d ..\obj\system_stm32f10x.o
                                        0x2f4 (size before relaxing)
 .debug_str     0x000000000000028d       0xaf ..\obj\startup_stm32f10x_md.o
                                        0x180 (size before relaxing)
 .debug_str     0x000000000000033c      0x3c6 ..\obj\stm32f10x_gpio.o
                                        0x535 (size before relaxing)
 .debug_str     0x0000000000000702       0x50 ..\obj\main.o
                                        0x332 (size before relaxing)
 .debug_str     0x0000000000000752      0x3b4 ..\obj\stm32f10x_rcc.o
                                        0x61f (size before relaxing)

.comment        0x0000000000000000       0x50
 .comment       0x0000000000000000       0x50 ..\obj\system_stm32f10x.o
                                         0x51 (size before relaxing)
 .comment       0x0000000000000050       0x51 ..\obj\startup_stm32f10x_md.o
 .comment       0x0000000000000050       0x51 ..\obj\stm32f10x_gpio.o
 .comment       0x0000000000000050       0x51 ..\obj\main.o
 .comment       0x0000000000000050       0x51 ..\obj\stm32f10x_rcc.o

.ARM.attributes
                0x0000000000000000       0x2d
 .ARM.attributes
                0x0000000000000000       0x2d ..\obj\system_stm32f10x.o
 .ARM.attributes
                0x000000000000002d       0x2d ..\obj\startup_stm32f10x_md.o
 .ARM.attributes
                0x000000000000005a       0x2d ..\obj\stm32f10x_gpio.o
 .ARM.attributes
                0x0000000000000087       0x2d ..\obj\main.o
 .ARM.attributes
                0x00000000000000b4       0x2d ..\obj\stm32f10x_rcc.o

.debug_frame    0x0000000000000000      0x8d8
 .debug_frame   0x0000000000000000       0x98 ..\obj\system_stm32f10x.o
 .debug_frame   0x0000000000000098       0x4c ..\obj\startup_stm32f10x_md.o
 .debug_frame   0x00000000000000e4      0x2d0 ..\obj\stm32f10x_gpio.o
 .debug_frame   0x00000000000003b4       0x30 ..\obj\main.o
 .debug_frame   0x00000000000003e4      0x4f4 ..\obj\stm32f10x_rcc.o
