<html>
<body>
<pre>
<h1>µVision Build Log</h1>
<h2>Tool Versions:</h2>
IDE-Version: µVision V5.38.0.0
Copyright (C) 2022 ARM Ltd and ARM Germany GmbH. All rights reserved.
License Information: oscar resediz, pesonal, LIC=----
 
Tool Versions:
Toolchain:       MDK-Lite  Version: 5.38.0.0
Toolchain Path:  C:\Keil_v5\ARM\ARMCLANG\Bin
C Compiler:      ArmClang.exe V6.19
Assembler:       Armasm.exe V6.19
Linker/Locator:  ArmLink.exe V6.19
Library Manager: ArmAr.exe V6.19
Hex Converter:   FromElf.exe V6.19
CPU DLL:         SARMCM3.DLL V5.38.0.0
Dialog DLL:      DARMSTM.DLL V1.69.1.0
Target DLL:      STLink\ST-LINKIII-KEIL_SWO.dll V3.1.0.0
Dialog DLL:      TARMSTM.DLL V1.67.1.0
 
<h2>Project:</h2>
D:\Cursos\STM32\Cocox\GIT\Ejemplos\RTC3\RTC_Calendario.uvprojx
Project File Date:  10/27/2023

<h2>Output:</h2>
*** Using Compiler 'V6.19', folder: 'C:\Keil_v5\ARM\ARMCLANG\Bin'
Build target 'Target 1'
main.c(54): warning: initializing 'const uint8_t *' (aka 'const unsigned char *') with an expression of type 'char[6]' converts between pointers to integer types where one is of the unique plain 'char' type and the other is not [-Wpointer-sign]
uint8_t const *DiasSemana[] = {"Lunes","Martes","Miercoles","Jueves","Viernes","Sabado","Domingo"};
                               ^~~~~~~
main.c(54): warning: initializing 'const uint8_t *' (aka 'const unsigned char *') with an expression of type 'char[7]' converts between pointers to integer types where one is of the unique plain 'char' type and the other is not [-Wpointer-sign]
uint8_t const *DiasSemana[] = {"Lunes","Martes","Miercoles","Jueves","Viernes","Sabado","Domingo"};
                                       ^~~~~~~~
main.c(54): warning: initializing 'const uint8_t *' (aka 'const unsigned char *') with an expression of type 'char[10]' converts between pointers to integer types where one is of the unique plain 'char' type and the other is not [-Wpointer-sign]
uint8_t const *DiasSemana[] = {"Lunes","Martes","Miercoles","Jueves","Viernes","Sabado","Domingo"};
                                                ^~~~~~~~~~~
main.c(54): warning: initializing 'const uint8_t *' (aka 'const unsigned char *') with an expression of type 'char[7]' converts between pointers to integer types where one is of the unique plain 'char' type and the other is not [-Wpointer-sign]
uint8_t const *DiasSemana[] = {"Lunes","Martes","Miercoles","Jueves","Viernes","Sabado","Domingo"};
                                                            ^~~~~~~~
main.c(54): warning: initializing 'const uint8_t *' (aka 'const unsigned char *') with an expression of type 'char[8]' converts between pointers to integer types where one is of the unique plain 'char' type and the other is not [-Wpointer-sign]
uint8_t const *DiasSemana[] = {"Lunes","Martes","Miercoles","Jueves","Viernes","Sabado","Domingo"};
                                                                     ^~~~~~~~~
main.c(54): warning: initializing 'const uint8_t *' (aka 'const unsigned char *') with an expression of type 'char[7]' converts between pointers to integer types where one is of the unique plain 'char' type and the other is not [-Wpointer-sign]
uint8_t const *DiasSemana[] = {"Lunes","Martes","Miercoles","Jueves","Viernes","Sabado","Domingo"};
                                                                               ^~~~~~~~
main.c(54): warning: initializing 'const uint8_t *' (aka 'const unsigned char *') with an expression of type 'char[8]' converts between pointers to integer types where one is of the unique plain 'char' type and the other is not [-Wpointer-sign]
uint8_t const *DiasSemana[] = {"Lunes","Martes","Miercoles","Jueves","Viernes","Sabado","Domingo"};
                                                                                        ^~~~~~~~~
main.c(55): warning: initializing 'const uint8_t *' (aka 'const unsigned char *') with an expression of type 'char[6]' converts between pointers to integer types where one is of the unique plain 'char' type and the other is not [-Wpointer-sign]
uint8_t const *Meses[] = {"Enero","Febrero","Marzo","Abril","Mayo","Junio","Julio","Agosto","Septiempre","Octubre","Noviembre","Diciembre"};
                          ^~~~~~~
main.c(55): warning: initializing 'const uint8_t *' (aka 'const unsigned char *') with an expression of type 'char[8]' converts between pointers to integer types where one is of the unique plain 'char' type and the other is not [-Wpointer-sign]
uint8_t const *Meses[] = {"Enero","Febrero","Marzo","Abril","Mayo","Junio","Julio","Agosto","Septiempre","Octubre","Noviembre","Diciembre"};
                                  ^~~~~~~~~
main.c(55): warning: initializing 'const uint8_t *' (aka 'const unsigned char *') with an expression of type 'char[6]' converts between pointers to integer types where one is of the unique plain 'char' type and the other is not [-Wpointer-sign]
uint8_t const *Meses[] = {"Enero","Febrero","Marzo","Abril","Mayo","Junio","Julio","Agosto","Septiempre","Octubre","Noviembre","Diciembre"};
                                            ^~~~~~~
main.c(55): warning: initializing 'const uint8_t *' (aka 'const unsigned char *') with an expression of type 'char[6]' converts between pointers to integer types where one is of the unique plain 'char' type and the other is not [-Wpointer-sign]
uint8_t const *Meses[] = {"Enero","Febrero","Marzo","Abril","Mayo","Junio","Julio","Agosto","Septiempre","Octubre","Noviembre","Diciembre"};
                                                    ^~~~~~~
main.c(55): warning: initializing 'const uint8_t *' (aka 'const unsigned char *') with an expression of type 'char[5]' converts between pointers to integer types where one is of the unique plain 'char' type and the other is not [-Wpointer-sign]
uint8_t const *Meses[] = {"Enero","Febrero","Marzo","Abril","Mayo","Junio","Julio","Agosto","Septiempre","Octubre","Noviembre","Diciembre"};
                                                            ^~~~~~
main.c(55): warning: initializing 'const uint8_t *' (aka 'const unsigned char *') with an expression of type 'char[6]' converts between pointers to integer types where one is of the unique plain 'char' type and the other is not [-Wpointer-sign]
uint8_t const *Meses[] = {"Enero","Febrero","Marzo","Abril","Mayo","Junio","Julio","Agosto","Septiempre","Octubre","Noviembre","Diciembre"};
                                                                   ^~~~~~~
main.c(55): warning: initializing 'const uint8_t *' (aka 'const unsigned char *') with an expression of type 'char[6]' converts between pointers to integer types where one is of the unique plain 'char' type and the other is not [-Wpointer-sign]
uint8_t const *Meses[] = {"Enero","Febrero","Marzo","Abril","Mayo","Junio","Julio","Agosto","Septiempre","Octubre","Noviembre","Diciembre"};
                                                                           ^~~~~~~
main.c(55): warning: initializing 'const uint8_t *' (aka 'const unsigned char *') with an expression of type 'char[7]' converts between pointers to integer types where one is of the unique plain 'char' type and the other is not [-Wpointer-sign]
uint8_t const *Meses[] = {"Enero","Febrero","Marzo","Abril","Mayo","Junio","Julio","Agosto","Septiempre","Octubre","Noviembre","Diciembre"};
                                                                                   ^~~~~~~~
main.c(55): warning: initializing 'const uint8_t *' (aka 'const unsigned char *') with an expression of type 'char[11]' converts between pointers to integer types where one is of the unique plain 'char' type and the other is not [-Wpointer-sign]
uint8_t const *Meses[] = {"Enero","Febrero","Marzo","Abril","Mayo","Junio","Julio","Agosto","Septiempre","Octubre","Noviembre","Diciembre"};
                                                                                            ^~~~~~~~~~~~
main.c(55): warning: initializing 'const uint8_t *' (aka 'const unsigned char *') with an expression of type 'char[8]' converts between pointers to integer types where one is of the unique plain 'char' type and the other is not [-Wpointer-sign]
uint8_t const *Meses[] = {"Enero","Febrero","Marzo","Abril","Mayo","Junio","Julio","Agosto","Septiempre","Octubre","Noviembre","Diciembre"};
                                                                                                         ^~~~~~~~~
main.c(55): warning: initializing 'const uint8_t *' (aka 'const unsigned char *') with an expression of type 'char[10]' converts between pointers to integer types where one is of the unique plain 'char' type and the other is not [-Wpointer-sign]
uint8_t const *Meses[] = {"Enero","Febrero","Marzo","Abril","Mayo","Junio","Julio","Agosto","Septiempre","Octubre","Noviembre","Diciembre"};
                                                                                                                   ^~~~~~~~~~~
main.c(55): warning: initializing 'const uint8_t *' (aka 'const unsigned char *') with an expression of type 'char[10]' converts between pointers to integer types where one is of the unique plain 'char' type and the other is not [-Wpointer-sign]
uint8_t const *Meses[] = {"Enero","Febrero","Marzo","Abril","Mayo","Junio","Julio","Agosto","Septiempre","Octubre","Noviembre","Diciembre"};
                                                                                                                               ^~~~~~~~~~~
19 warnings generated.
compiling main.c...
linking...
Program Size: Code=7340 RO-data=1424 RW-data=80 ZI-data=1048  
FromELF: creating hex file...
".\Objects\projecto.axf" - 0 Error(s), 19 Warning(s).

<h2>Software Packages used:</h2>

Package Vendor: ARM
                http://www.keil.com/pack/ARM.CMSIS.5.9.0.pack
                ARM.CMSIS.5.9.0
                CMSIS (Common Microcontroller Software Interface Standard)
   * Component: CORE Version: 5.6.0

Package Vendor: Keil
                https://www.keil.com/pack/Keil.STM32F1xx_DFP.2.4.1.pack
                Keil.STM32F1xx_DFP.2.4.1
                STMicroelectronics STM32F1 Series Device Support, Drivers and Examples
   * Component: Startup Version: 1.0.0
   * Component: BKP Version: 3.6.0
   * Component: EXTI Version: 3.6.0
   * Component: Framework Version: 3.6.0
   * Component: GPIO Version: 3.6.0
   * Component: PWR Version: 3.6.0
   * Component: RCC Version: 3.6.0
   * Component: RTC Version: 3.6.0
   * Component: TIM Version: 3.6.0
   * Component: USART Version: 3.6.0

<h2>Collection of Component include folders:</h2>
  ./RTE/Device/STM32F103C8
  ./RTE/_Target_1
  C:/Users/W10/AppData/Local/Arm/Packs/ARM/CMSIS/5.9.0/CMSIS/Core/Include
  C:/Users/W10/AppData/Local/Arm/Packs/Keil/STM32F1xx_DFP/2.4.1/Device/Include
  C:/Users/W10/AppData/Local/Arm/Packs/Keil/STM32F1xx_DFP/2.4.1/Device/StdPeriph_Driver/inc

<h2>Collection of Component Files used:</h2>

   * Component: ARM::CMSIS:CORE:5.6.0

   * Component: Keil::Device:Startup:1.0.0
      Source file:   Device/Source/ARM/startup_stm32f10x_md.s
      Source file:   Device/Source/system_stm32f10x.c
      Include file:  RTE_Driver/Config/RTE_Device.h
      Source file:   Device/Source/ARM/STM32F1xx_OPT.s

   * Component: Keil::Device:StdPeriph Drivers:BKP:3.6.0
      Include file:  Device/StdPeriph_Driver/inc/stm32f10x_bkp.h
      Source file:   Device/StdPeriph_Driver/src/stm32f10x_bkp.c

   * Component: Keil::Device:StdPeriph Drivers:EXTI:3.6.0
      Source file:   Device/StdPeriph_Driver/src/stm32f10x_exti.c
      Include file:  Device/StdPeriph_Driver/inc/stm32f10x_exti.h

   * Component: Keil::Device:StdPeriph Drivers:Framework:3.6.0
      Source file:   Device/StdPeriph_Driver/src/misc.c
      Source file:   Device/StdPeriph_Driver/templates/stm32f10x_conf.h
      Source file:   Device/StdPeriph_Driver/templates/stm32f10x_it.c
      Include file:  Device/StdPeriph_Driver/templates/stm32f10x_it.h
      Include file:  Device/StdPeriph_Driver/inc/misc.h

   * Component: Keil::Device:StdPeriph Drivers:GPIO:3.6.0
      Include file:  Device/StdPeriph_Driver/inc/stm32f10x_gpio.h
      Source file:   Device/StdPeriph_Driver/src/stm32f10x_gpio.c

   * Component: Keil::Device:StdPeriph Drivers:PWR:3.6.0
      Source file:   Device/StdPeriph_Driver/src/stm32f10x_pwr.c
      Include file:  Device/StdPeriph_Driver/inc/stm32f10x_pwr.h

   * Component: Keil::Device:StdPeriph Drivers:RCC:3.6.0
      Include file:  Device/StdPeriph_Driver/inc/stm32f10x_rcc.h
      Source file:   Device/StdPeriph_Driver/src/stm32f10x_rcc.c

   * Component: Keil::Device:StdPeriph Drivers:RTC:3.6.0
      Source file:   Device/StdPeriph_Driver/src/stm32f10x_rtc.c
      Include file:  Device/StdPeriph_Driver/inc/stm32f10x_rtc.h

   * Component: Keil::Device:StdPeriph Drivers:TIM:3.6.0
      Source file:   Device/StdPeriph_Driver/src/stm32f10x_tim.c
      Include file:  Device/StdPeriph_Driver/inc/stm32f10x_tim.h

   * Component: Keil::Device:StdPeriph Drivers:USART:3.6.0
      Source file:   Device/StdPeriph_Driver/src/stm32f10x_usart.c
      Include file:  Device/StdPeriph_Driver/inc/stm32f10x_usart.h
Build Time Elapsed:  00:00:01
</pre>
</body>
</html>
